hello original-startup {"p50_ms": 6.333066383376718, "p95_ms": 6.610312964767218, "p99_ms": 6.660128012299538, "p999_ms": 6.660128012299538, "max_ms": 6.660128012299538, "links_per_second": 158.409647384005, "bytes_per_second": 1304028.2172651293, "cpu_ms": 86.8445, "rss_mib": 37.72265625}
hello rayon-startup {"p50_ms": 6.2905577942729, "p95_ms": 6.694159936159849, "p99_ms": 6.862115114927292, "p999_ms": 6.862115114927292, "max_ms": 6.862115114927292, "links_per_second": 158.58550752442733, "bytes_per_second": 1305475.8979410857, "cpu_ms": 87.16250000000001, "rss_mib": 36.734375}
hello base {"p50_ms": 7.218293845653534, "p95_ms": 7.703110110014677, "p99_ms": 8.034641854465008, "p999_ms": 8.034641854465008, "max_ms": 8.034641854465008, "links_per_second": 138.67948607425694, "bytes_per_second": 1141609.5293632832, "cpu_ms": 92.217, "rss_mib": 44.83203125}
hello original-idle {"p50_ms": 6.377865094691515, "p95_ms": 6.724715698510408, "p99_ms": 7.055798079818487, "p999_ms": 7.055798079818487, "max_ms": 7.055798079818487, "links_per_second": 157.5396244654077, "bytes_per_second": 1296866.1885992363, "cpu_ms": 96.47149999999999, "rss_mib": 44.82421875}
hello rayon-idle {"p50_ms": 6.488403072580695, "p95_ms": 6.923927925527096, "p99_ms": 7.091742008924484, "p999_ms": 7.091742008924484, "max_ms": 7.091742008924484, "links_per_second": 154.28538807983847, "bytes_per_second": 1270077.3146732303, "cpu_ms": 133.131, "rss_mib": 46.80078125}
rhello original-startup {"p50_ms": 13.292544055730104, "p95_ms": 13.837670907378197, "p99_ms": 15.301750972867012, "p999_ms": 15.301750972867012, "max_ms": 15.301750972867012, "links_per_second": 75.39593577053304, "bytes_per_second": 341045975.8644291, "cpu_ms": 189.506, "rss_mib": 102.28125}
rhello rayon-startup {"p50_ms": 13.355805072933435, "p95_ms": 14.035861007869244, "p99_ms": 16.250067856162786, "p999_ms": 16.250067856162786, "max_ms": 16.250067856162786, "links_per_second": 74.82616890147726, "bytes_per_second": 338468692.4089423, "cpu_ms": 191.178, "rss_mib": 100.13671875}
rhello base {"p50_ms": 14.009351609274745, "p95_ms": 15.453861095011234, "p99_ms": 15.896251890808344, "p999_ms": 15.896251890808344, "max_ms": 15.896251890808344, "links_per_second": 71.10716700354916, "bytes_per_second": 321646159.22385424, "cpu_ms": 196.0555, "rss_mib": 101.19921875}
rhello original-idle {"p50_ms": 13.060046127066016, "p95_ms": 14.44044429808855, "p99_ms": 16.079889610409737, "p999_ms": 16.079889610409737, "max_ms": 16.079889610409737, "links_per_second": 75.99743002161087, "bytes_per_second": 343766774.95975465, "cpu_ms": 262.7914999999999, "rss_mib": 101.94921875}
rhello rayon-idle {"p50_ms": 12.606619624421, "p95_ms": 14.347214251756668, "p99_ms": 15.367440413683653, "p999_ms": 15.367440413683653, "max_ms": 15.367440413683653, "links_per_second": 77.85492880109375, "bytes_per_second": 352168984.93886745, "cpu_ms": 318.12949999999995, "rss_mib": 103.01953125}
tblgen original-startup {"p50_ms": 18.242623889818788, "p95_ms": 19.600397907197475, "p99_ms": 19.890247844159603, "p999_ms": 19.890247844159603, "max_ms": 19.890247844159603, "links_per_second": 54.686692922276784, "bytes_per_second": 1445981784.8965049, "cpu_ms": 283.79699999999997, "rss_mib": 241.77734375}
tblgen rayon-startup {"p50_ms": 18.159438390284777, "p95_ms": 19.212770275771618, "p99_ms": 19.225129391998053, "p999_ms": 19.225129391998053, "max_ms": 19.225129391998053, "links_per_second": 55.415409325376736, "bytes_per_second": 1465249921.0541513, "cpu_ms": 281.1305, "rss_mib": 243.65625}
tblgen base {"p50_ms": 18.64959136582911, "p95_ms": 20.063419826328754, "p99_ms": 20.699253771454096, "p999_ms": 20.699253771454096, "max_ms": 20.699253771454096, "links_per_second": 53.3708123303841, "bytes_per_second": 1411188322.990152, "cpu_ms": 281.39549999999997, "rss_mib": 244.328125}
tblgen original-idle {"p50_ms": 17.511480255052447, "p95_ms": 19.284529145807028, "p99_ms": 20.796582102775574, "p999_ms": 20.796582102775574, "max_ms": 20.796582102775574, "links_per_second": 56.49986534743006, "bytes_per_second": 1493924239.6244676, "cpu_ms": 353.0485, "rss_mib": 240.703125}
tblgen rayon-idle {"p50_ms": 17.396531999111176, "p95_ms": 18.489934038370848, "p99_ms": 20.162499975413084, "p999_ms": 20.162499975413084, "max_ms": 20.162499975413084, "links_per_second": 57.27529018963437, "bytes_per_second": 1514427402.9621603, "cpu_ms": 416.531, "rss_mib": 244.97265625}
lld original-startup {"p50_ms": 75.13942662626505, "p95_ms": 102.01545618474483, "p99_ms": 105.9631509706378, "p999_ms": 105.9631509706378, "max_ms": 105.9631509706378, "links_per_second": 12.843732337911279, "bytes_per_second": 8404100619.581274, "cpu_ms": 1745.35, "rss_mib": 2807.953125}
lld rayon-startup {"p50_ms": 75.7129609119147, "p95_ms": 89.99322773888707, "p99_ms": 107.96122066676617, "p999_ms": 107.96122066676617, "max_ms": 107.96122066676617, "links_per_second": 12.77300001701543, "bytes_per_second": 8357818002.797788, "cpu_ms": 1742.009, "rss_mib": 2806.19921875}
lld base {"p50_ms": 77.65295240096748, "p95_ms": 98.7512362189591, "p99_ms": 107.48473787680268, "p999_ms": 107.48473787680268, "max_ms": 107.48473787680268, "links_per_second": 12.408569456716068, "bytes_per_second": 8119358416.6721945, "cpu_ms": 1716.9845, "rss_mib": 2802.53125}
lld original-idle {"p50_ms": 76.40591659583151, "p95_ms": 81.22661616653204, "p99_ms": 88.6839427985251, "p999_ms": 88.6839427985251, "max_ms": 88.6839427985251, "links_per_second": 13.019453476612133, "bytes_per_second": 8519081070.105794, "cpu_ms": 1932.3149999999998, "rss_mib": 2799.00390625}
lld rayon-idle {"p50_ms": 72.91499897837639, "p95_ms": 77.13886816054583, "p99_ms": 79.85663786530495, "p999_ms": 79.85663786530495, "max_ms": 79.85663786530495, "links_per_second": 13.64682965111515, "bytes_per_second": 8929595113.697952, "cpu_ms": 2111.9485, "rss_mib": 2816.640625}
clang original-startup {"p50_ms": 115.03773485310376, "p95_ms": 132.2930632159114, "p99_ms": 154.22038873657584, "p999_ms": 154.22038873657584, "max_ms": 154.22038873657584, "links_per_second": 8.452477295705592, "bytes_per_second": 10029979024.060442, "cpu_ms": 2795.63, "rss_mib": 4808.8828125}
clang rayon-startup {"p50_ms": 117.08534485660493, "p95_ms": 138.11174500733614, "p99_ms": 140.86332684382796, "p999_ms": 140.86332684382796, "max_ms": 140.86332684382796, "links_per_second": 8.398332672165404, "bytes_per_second": 9965729287.637058, "cpu_ms": 2776.6965, "rss_mib": 4809.07421875}
clang base {"p50_ms": 118.54128143750131, "p95_ms": 156.7201493307948, "p99_ms": 162.93738642707467, "p999_ms": 162.93738642707467, "max_ms": 162.93738642707467, "links_per_second": 8.095071311625405, "bytes_per_second": 9605869689.248121, "cpu_ms": 2774.069, "rss_mib": 4813.328125}
clang original-idle {"p50_ms": 115.93435960821807, "p95_ms": 125.05564885213971, "p99_ms": 135.04680804908276, "p999_ms": 135.04680804908276, "max_ms": 135.04680804908276, "links_per_second": 8.528969301094165, "bytes_per_second": 10120746876.219654, "cpu_ms": 3015.3340000000003, "rss_mib": 4798.8359375}
clang rayon-idle {"p50_ms": 113.21036424487829, "p95_ms": 118.48851200193167, "p99_ms": 119.90935681387782, "p999_ms": 119.90935681387782, "max_ms": 119.90935681387782, "links_per_second": 8.830302425570832, "bytes_per_second": 10478318368.223675, "cpu_ms": 3267.7099999999996, "rss_mib": 4825.94921875}
clang-s original-startup {"p50_ms": 66.85206107795238, "p95_ms": 87.085769046098, "p99_ms": 126.8130037933588, "p999_ms": 126.8130037933588, "max_ms": 126.8130037933588, "links_per_second": 14.168657486927893, "bytes_per_second": 1963570425.4800155, "cpu_ms": 1141.767, "rss_mib": 1399.765625}
clang-s rayon-startup {"p50_ms": 69.31024300865829, "p95_ms": 89.1101392917335, "p99_ms": 105.18350871279836, "p999_ms": 105.18350871279836, "max_ms": 105.18350871279836, "links_per_second": 14.28250756258008, "bytes_per_second": 1979348394.6839113, "cpu_ms": 1134.9499999999998, "rss_mib": 1398.19140625}
clang-s base {"p50_ms": 70.0334501452744, "p95_ms": 87.20714412629604, "p99_ms": 175.9737110696733, "p999_ms": 175.9737110696733, "max_ms": 175.9737110696733, "links_per_second": 13.84864232090686, "bytes_per_second": 1919220964.9694684, "cpu_ms": 1114.9609999999998, "rss_mib": 1402.015625}
clang-s original-idle {"p50_ms": 63.117117853835225, "p95_ms": 84.89604899659753, "p99_ms": 151.18680894374847, "p999_ms": 151.18680894374847, "max_ms": 151.18680894374847, "links_per_second": 15.073321152862354, "bytes_per_second": 2088943688.3367212, "cpu_ms": 1373.594, "rss_mib": 1403.2578125}
clang-s rayon-idle {"p50_ms": 58.908882550895214, "p95_ms": 80.81109588965774, "p99_ms": 104.52267713844776, "p999_ms": 104.52267713844776, "max_ms": 104.52267713844776, "links_per_second": 15.92609186679404, "bytes_per_second": 2207125340.701218, "cpu_ms": 1530.391, "rss_mib": 1404.02734375}
ra original-startup {"p50_ms": 197.49690406024456, "p95_ms": 217.81720407307148, "p99_ms": 373.6610054038465, "p999_ms": 373.6610054038465, "max_ms": 373.6610054038465, "links_per_second": 4.958477904754929, "bytes_per_second": 2710510930.1050534, "cpu_ms": 3447.3655, "rss_mib": 2000.0546875}
ra rayon-startup {"p50_ms": 194.0084600355476, "p95_ms": 211.81631600484252, "p99_ms": 237.16528015211225, "p999_ms": 237.16528015211225, "max_ms": 237.16528015211225, "links_per_second": 5.069449482994127, "bytes_per_second": 2771172625.392616, "cpu_ms": 3334.116, "rss_mib": 2004.64453125}
ra base {"p50_ms": 195.7645930815488, "p95_ms": 214.6439030766487, "p99_ms": 226.49131575599313, "p999_ms": 226.49131575599313, "max_ms": 226.49131575599313, "links_per_second": 5.053348579821342, "bytes_per_second": 2762371199.859884, "cpu_ms": 3387.249, "rss_mib": 1998.05859375}
ra original-idle {"p50_ms": 190.9091561101377, "p95_ms": 209.3408820219338, "p99_ms": 347.16216707602143, "p999_ms": 347.16216707602143, "max_ms": 347.16216707602143, "links_per_second": 5.03997281516299, "bytes_per_second": 2755059448.7537217, "cpu_ms": 4026.1829999999995, "rss_mib": 2003.13671875}
ra rayon-idle {"p50_ms": 193.6359356623143, "p95_ms": 205.57809807360172, "p99_ms": 227.24985610693693, "p999_ms": 227.24985610693693, "max_ms": 227.24985610693693, "links_per_second": 5.155723750605711, "bytes_per_second": 2818333740.121747, "cpu_ms": 4573.287, "rss_mib": 1999.55859375}
ra-s original-startup {"p50_ms": 120.56078459136188, "p95_ms": 146.62119699642062, "p99_ms": 153.2938638702035, "p999_ms": 153.2938638702035, "max_ms": 153.2938638702035, "links_per_second": 8.134969751484183, "bytes_per_second": 2078257643.1487474, "cpu_ms": 1840.2095, "rss_mib": 1406.38671875}
ra-s rayon-startup {"p50_ms": 119.67729404568672, "p95_ms": 136.19312504306436, "p99_ms": 166.8305480852723, "p999_ms": 166.8305480852723, "max_ms": 166.8305480852723, "links_per_second": 8.208895676506152, "bytes_per_second": 2097143652.9800339, "cpu_ms": 1864.715, "rss_mib": 1401.4765625}
ra-s base {"p50_ms": 120.77266001142561, "p95_ms": 138.978349044919, "p99_ms": 183.4132201038301, "p999_ms": 183.4132201038301, "max_ms": 183.4132201038301, "links_per_second": 8.134635672966091, "bytes_per_second": 2078172295.4148471, "cpu_ms": 1868.9389999999999, "rss_mib": 1398.44921875}
ra-s original-idle {"p50_ms": 114.43217168562114, "p95_ms": 124.39414579421282, "p99_ms": 126.89721072092652, "p999_ms": 126.89721072092652, "max_ms": 126.89721072092652, "links_per_second": 8.622614536490676, "bytes_per_second": 2202837270.675509, "cpu_ms": 2317.77, "rss_mib": 1401.44140625}
ra-s rayon-idle {"p50_ms": 113.682801136747, "p95_ms": 124.70242287963629, "p99_ms": 129.24329843372107, "p999_ms": 129.24329843372107, "max_ms": 129.24329843372107, "links_per_second": 8.698830676787889, "bytes_per_second": 2222308366.5668097, "cpu_ms": 2514.947, "rss_mib": 1404.35546875}
