hello omnibus {"p50_ms": 3.6149746738374233, "p95_ms": 3.900849260389805, "p99_ms": 3.900849260389805, "p999_ms": 3.900849260389805, "max_ms": 3.900849260389805, "links_per_second": 281.01321833215087, "bytes_per_second": 2272834.909870436, "cpu_ms": 3.4964999999999997, "rss_mib": 17.25390625}
hello current {"p50_ms": 3.9861074183136225, "p95_ms": 4.869708325713873, "p99_ms": 4.869708325713873, "p999_ms": 4.869708325713873, "max_ms": 4.869708325713873, "links_per_second": 243.6801564376107, "bytes_per_second": 1970885.1052673953, "cpu_ms": 3.8859999999999997, "rss_mib": 17.25390625}
rhello omnibus {"p50_ms": 12.076162034645677, "p95_ms": 12.555009219795465, "p99_ms": 12.555009219795465, "p999_ms": 12.555009219795465, "max_ms": 12.555009219795465, "links_per_second": 83.44703478094684, "bytes_per_second": 377452300.7551265, "cpu_ms": 18.4695, "rss_mib": 47.9296875}
rhello current {"p50_ms": 11.59997470676899, "p95_ms": 12.567488010972738, "p99_ms": 12.567488010972738, "p999_ms": 12.567488010972738, "max_ms": 12.567488010972738, "links_per_second": 85.7893174028937, "bytes_per_second": 388047044.6785434, "cpu_ms": 17.89, "rss_mib": 47.0859375}
tblgen omnibus {"p50_ms": 18.38469784706831, "p95_ms": 18.968319054692984, "p99_ms": 18.968319054692984, "p999_ms": 18.968319054692984, "max_ms": 18.968319054692984, "links_per_second": 54.66406571774627, "bytes_per_second": 1445375185.5180836, "cpu_ms": 115.6835, "rss_mib": 180.26171875}
tblgen current {"p50_ms": 18.249026965349913, "p95_ms": 19.632496871054173, "p99_ms": 19.632496871054173, "p999_ms": 19.632496871054173, "max_ms": 19.632496871054173, "links_per_second": 54.37951003287443, "bytes_per_second": 1437851234.9957144, "cpu_ms": 117.149, "rss_mib": 181.83203125}
lld omnibus {"p50_ms": 84.01704602874815, "p95_ms": 91.1478097550571, "p99_ms": 91.1478097550571, "p999_ms": 91.1478097550571, "max_ms": 91.1478097550571, "links_per_second": 11.906568828313429, "bytes_per_second": 7790880142.152038, "cpu_ms": 1772.6739999999998, "rss_mib": 2755.88671875}
lld current {"p50_ms": 81.55761938542128, "p95_ms": 94.08095991238952, "p99_ms": 94.08095991238952, "p999_ms": 94.08095991238952, "max_ms": 94.08095991238952, "links_per_second": 12.02604339467981, "bytes_per_second": 7869056486.65715, "cpu_ms": 1808.4485, "rss_mib": 2744.890625}
clang omnibus {"p50_ms": 168.74773055315018, "p95_ms": 193.85897321626544, "p99_ms": 193.85897321626544, "p999_ms": 193.85897321626544, "max_ms": 193.85897321626544, "links_per_second": 5.83610903884067, "bytes_per_second": 6925312153.555923, "cpu_ms": 3265.1504999999997, "rss_mib": 4711.3046875}
clang current {"p50_ms": 170.7006071228534, "p95_ms": 192.18344101682305, "p99_ms": 192.18344101682305, "p999_ms": 192.18344101682305, "max_ms": 192.18344101682305, "links_per_second": 5.839429905309929, "bytes_per_second": 6929252799.072798, "cpu_ms": 3499.442, "rss_mib": 4736.5546875}
clang-s omnibus {"p50_ms": 59.97380753979087, "p95_ms": 70.30174229294062, "p99_ms": 70.30174229294062, "p999_ms": 70.30174229294062, "max_ms": 70.30174229294062, "links_per_second": 16.204727037120286, "bytes_per_second": 2245737670.8654156, "cpu_ms": 1095.3204999999998, "rss_mib": 1383.16015625}
clang-s current {"p50_ms": 62.394069507718086, "p95_ms": 75.10624080896378, "p99_ms": 75.10624080896378, "p999_ms": 75.10624080896378, "max_ms": 75.10624080896378, "links_per_second": 15.873687378272274, "bytes_per_second": 2199860425.866321, "cpu_ms": 1081.9589999999998, "rss_mib": 1385.48046875}
ra omnibus {"p50_ms": 135.19057631492615, "p95_ms": 144.0826030448079, "p99_ms": 144.0826030448079, "p999_ms": 144.0826030448079, "max_ms": 144.0826030448079, "links_per_second": 7.411255972042438, "bytes_per_second": 4051300703.986738, "cpu_ms": 2398.371, "rss_mib": 2053.4921875}
ra current {"p50_ms": 132.39063858054578, "p95_ms": 147.66043098643422, "p99_ms": 147.66043098643422, "p999_ms": 147.66043098643422, "max_ms": 147.66043098643422, "links_per_second": 7.476414675675605, "bytes_per_second": 4086919160.9521594, "cpu_ms": 2427.8275000000003, "rss_mib": 2031.00390625}
ra-s omnibus {"p50_ms": 115.08023529313505, "p95_ms": 158.7743228301406, "p99_ms": 158.7743228301406, "p999_ms": 158.7743228301406, "max_ms": 158.7743228301406, "links_per_second": 8.451932974282341, "bytes_per_second": 2159231679.882148, "cpu_ms": 2008.6474999999998, "rss_mib": 1420.71484375}
ra-s current {"p50_ms": 114.51002047397196, "p95_ms": 117.90168099105358, "p99_ms": 117.90168099105358, "p999_ms": 117.90168099105358, "max_ms": 117.90168099105358, "links_per_second": 8.790682383174692, "bytes_per_second": 2245772647.1907325, "cpu_ms": 1924.5245, "rss_mib": 1430.3984375}
hello omnibus workers 1 window_ms 1.697
hello current workers 1 window_ms 2.238
rhello omnibus workers 2 window_ms 9.583
rhello current workers 2 window_ms 9.234
tblgen omnibus workers 12 window_ms 15.535
tblgen current workers 12 window_ms 15.57
lld omnibus workers 32 window_ms 79.147
lld current workers 32 window_ms 76.719
clang omnibus workers 32 window_ms 163.466
clang current workers 32 window_ms 164.861
clang-s omnibus workers 32 window_ms 55.429
clang-s current workers 32 window_ms 57.903
ra omnibus workers 32 window_ms 129.451
ra current workers 32 window_ms 126.66
ra-s omnibus workers 32 window_ms 109.839
ra-s current workers 32 window_ms 108.961
