tblgen s1-merge16 {"p50_ms": 17.869384260848165, "p95_ms": 18.86558113619685, "p99_ms": 18.94494192674756, "p999_ms": 18.94494192674756, "max_ms": 18.94494192674756, "links_per_second": 55.78432985746992, "bytes_per_second": 1474996143.4091952, "cpu_ms": 114.7135, "rss_mib": 182.046875}
tblgen s1-copy8 {"p50_ms": 18.92225700430572, "p95_ms": 19.59359599277377, "p99_ms": 19.811157137155533, "p999_ms": 19.811157137155533, "max_ms": 19.811157137155533, "links_per_second": 52.95095595677683, "bytes_per_second": 1400078768.0990222, "cpu_ms": 117.241, "rss_mib": 185.3203125}
tblgen s1-copy16 {"p50_ms": 18.174482975155115, "p95_ms": 18.783347215503454, "p99_ms": 19.591042306274176, "p999_ms": 19.591042306274176, "max_ms": 19.591042306274176, "links_per_second": 55.236451003709135, "bytes_per_second": 1460509652.3387213, "cpu_ms": 119.0175, "rss_mib": 182.6875}
tblgen s1-gc8 {"p50_ms": 18.451798474416137, "p95_ms": 19.203894771635532, "p99_ms": 20.091881975531578, "p999_ms": 20.091881975531578, "max_ms": 20.091881975531578, "links_per_second": 54.1393636614946, "bytes_per_second": 1431501513.2630343, "cpu_ms": 111.008, "rss_mib": 188.0546875}
tblgen s1-gc16 {"p50_ms": 18.02791003137827, "p95_ms": 18.775835167616606, "p99_ms": 18.920113798230886, "p999_ms": 18.920113798230886, "max_ms": 18.920113798230886, "links_per_second": 55.45877257327718, "bytes_per_second": 1466388067.6311054, "cpu_ms": 116.57900000000001, "rss_mib": 181.6484375}
tblgen baseline {"p50_ms": 18.064319854602218, "p95_ms": 18.86801514774561, "p99_ms": 19.052225165069103, "p999_ms": 19.052225165069103, "max_ms": 19.052225165069103, "links_per_second": 55.4919496601934, "bytes_per_second": 1467265304.5787573, "cpu_ms": 119.1135, "rss_mib": 182.26171875}
tblgen s1-control {"p50_ms": 17.91760791093111, "p95_ms": 18.467287067323923, "p99_ms": 19.138045143336058, "p999_ms": 19.138045143336058, "max_ms": 19.138045143336058, "links_per_second": 55.66668248588876, "bytes_per_second": 1471885423.610144, "cpu_ms": 116.071, "rss_mib": 182.265625}
tblgen s1-merge8 {"p50_ms": 19.37879016622901, "p95_ms": 19.870487041771412, "p99_ms": 20.004769787192345, "p999_ms": 20.004769787192345, "max_ms": 20.004769787192345, "links_per_second": 51.6746797079103, "bytes_per_second": 1366332686.5414822, "cpu_ms": 109.8505, "rss_mib": 191.8984375}
lld s1-merge16 {"p50_ms": 207.8331089578569, "p95_ms": 216.45524818450212, "p99_ms": 255.40672428905964, "p999_ms": 255.40672428905964, "max_ms": 255.40672428905964, "links_per_second": 4.8286931797555654, "bytes_per_second": 3159581097.557177, "cpu_ms": 4198.4285, "rss_mib": 2742.67578125}
lld s1-copy8 {"p50_ms": 186.18192500434816, "p95_ms": 193.50690999999642, "p99_ms": 194.58580994978547, "p999_ms": 194.58580994978547, "max_ms": 194.58580994978547, "links_per_second": 5.369731914316648, "bytes_per_second": 3513601470.1773286, "cpu_ms": 2825.7215, "rss_mib": 2758.3515625}
lld s1-copy16 {"p50_ms": 204.70198593102396, "p95_ms": 209.42608173936605, "p99_ms": 224.05081475153565, "p999_ms": 224.05081475153565, "max_ms": 224.05081475153565, "links_per_second": 4.898193386386669, "bytes_per_second": 3205057488.575061, "cpu_ms": 3692.936, "rss_mib": 2761.05859375}
lld s1-gc8 {"p50_ms": 198.93470383249223, "p95_ms": 204.9107989296317, "p99_ms": 206.07638685032725, "p999_ms": 206.07638685032725, "max_ms": 206.07638685032725, "links_per_second": 5.028913588842804, "bytes_per_second": 3290592242.052638, "cpu_ms": 4269.1585000000005, "rss_mib": 2757.140625}
lld s1-gc16 {"p50_ms": 201.18421385996044, "p95_ms": 205.3362443111837, "p99_ms": 206.178885884583, "p999_ms": 206.178885884583, "max_ms": 206.178885884583, "links_per_second": 5.023728071805939, "bytes_per_second": 3287199178.7535596, "cpu_ms": 4937.201, "rss_mib": 2740.359375}
lld baseline {"p50_ms": 201.14683150313795, "p95_ms": 204.1268479079008, "p99_ms": 208.1291750073433, "p999_ms": 208.1291750073433, "max_ms": 208.1291750073433, "links_per_second": 5.006855849573348, "bytes_per_second": 3276159099.697931, "cpu_ms": 4593.1045, "rss_mib": 2735.50390625}
lld s1-control {"p50_ms": 201.849544653669, "p95_ms": 205.36700170487165, "p99_ms": 207.7547968365252, "p999_ms": 207.7547968365252, "max_ms": 207.7547968365252, "links_per_second": 5.029047221029805, "bytes_per_second": 3290679682.2184052, "cpu_ms": 4886.549000000001, "rss_mib": 2750.6015625}
lld s1-merge8 {"p50_ms": 229.38738437369466, "p95_ms": 236.1156176775694, "p99_ms": 236.85113294050097, "p999_ms": 236.85113294050097, "max_ms": 236.85113294050097, "links_per_second": 4.387943369252653, "bytes_per_second": 2871183239.549681, "cpu_ms": 4968.959500000001, "rss_mib": 2653.04296875}
clang s1-merge16 {"p50_ms": 229.27479073405266, "p95_ms": 238.74083207920194, "p99_ms": 239.47689309716225, "p999_ms": 239.47689309716225, "max_ms": 239.47689309716225, "links_per_second": 4.367069184752235, "bytes_per_second": 5182102852.9980955, "cpu_ms": 5090.7964999999995, "rss_mib": 4815.13671875}
clang s1-copy8 {"p50_ms": 212.46461221016943, "p95_ms": 221.13020811229944, "p99_ms": 230.57928774505854, "p999_ms": 230.57928774505854, "max_ms": 230.57928774505854, "links_per_second": 4.673580996834793, "bytes_per_second": 5545819494.222033, "cpu_ms": 3409.591, "rss_mib": 4732.0390625}
clang s1-copy16 {"p50_ms": 211.02092182263732, "p95_ms": 223.82877301424742, "p99_ms": 229.10303669050336, "p999_ms": 229.10303669050336, "max_ms": 229.10303669050336, "links_per_second": 4.72027137327449, "bytes_per_second": 5601223776.297641, "cpu_ms": 3943.437, "rss_mib": 4735.37890625}
clang s1-gc8 {"p50_ms": 207.2958687786013, "p95_ms": 213.03688501939178, "p99_ms": 225.90657556429505, "p999_ms": 225.90657556429505, "max_ms": 225.90657556429505, "links_per_second": 4.807623142788474, "bytes_per_second": 5704878157.499877, "cpu_ms": 4594.8724999999995, "rss_mib": 4725.19921875}
clang s1-gc16 {"p50_ms": 208.0111405812204, "p95_ms": 215.3901788406074, "p99_ms": 227.09769383072853, "p999_ms": 227.09769383072853, "max_ms": 227.09769383072853, "links_per_second": 4.799616157413411, "bytes_per_second": 5695376814.608195, "cpu_ms": 4759.812, "rss_mib": 4722.8125}
clang baseline {"p50_ms": 209.74339405074716, "p95_ms": 211.09699178487062, "p99_ms": 212.80957199633121, "p999_ms": 212.80957199633121, "max_ms": 212.80957199633121, "links_per_second": 4.795534563224838, "bytes_per_second": 5690533465.443214, "cpu_ms": 5214.849499999999, "rss_mib": 4730.875}
clang s1-control {"p50_ms": 206.58336160704494, "p95_ms": 214.2478129826486, "p99_ms": 217.20376843586564, "p999_ms": 217.20376843586564, "max_ms": 217.20376843586564, "links_per_second": 4.831071297171395, "bytes_per_second": 5732702481.453693, "cpu_ms": 4672.9755, "rss_mib": 4723.5859375}
clang s1-merge8 {"p50_ms": 257.748810807243, "p95_ms": 262.8648839890957, "p99_ms": 263.3288078941405, "p999_ms": 263.3288078941405, "max_ms": 263.3288078941405, "links_per_second": 3.880421507773599, "bytes_per_second": 4604631279.137751, "cpu_ms": 4677.2755, "rss_mib": 4689.78125}
ra s1-merge16 {"p50_ms": 133.50810017436743, "p95_ms": 139.66080825775862, "p99_ms": 142.61753391474485, "p999_ms": 142.61753391474485, "max_ms": 142.61753391474485, "links_per_second": 7.464821663586735, "bytes_per_second": 4080581938.4605675, "cpu_ms": 2390.7535, "rss_mib": 2110.68359375}
ra s1-copy8 {"p50_ms": 147.9163516778499, "p95_ms": 173.36200270801783, "p99_ms": 191.75224006175995, "p999_ms": 191.75224006175995, "max_ms": 191.75224006175995, "links_per_second": 6.598408635584143, "bytes_per_second": 3606964548.4349947, "cpu_ms": 2340.1904999999997, "rss_mib": 2042.625}
ra s1-copy16 {"p50_ms": 133.09099641628563, "p95_ms": 138.352882117033, "p99_ms": 146.5351809747517, "p999_ms": 146.5351809747517, "max_ms": 146.5351809747517, "links_per_second": 7.545131422968537, "bytes_per_second": 4124482592.5396953, "cpu_ms": 2392.3540000000003, "rss_mib": 2044.88671875}
ra s1-gc8 {"p50_ms": 142.14021572843194, "p95_ms": 152.4992110207677, "p99_ms": 154.3322829529643, "p999_ms": 154.3322829529643, "max_ms": 154.3322829529643, "links_per_second": 6.976461037371644, "bytes_per_second": 3813623712.183119, "cpu_ms": 2321.5695, "rss_mib": 2046.44140625}
ra s1-gc16 {"p50_ms": 130.16042904928327, "p95_ms": 149.31208360940218, "p99_ms": 166.42871079966426, "p999_ms": 166.42871079966426, "max_ms": 166.42871079966426, "links_per_second": 7.369433539143527, "bytes_per_second": 4028438823.0201435, "cpu_ms": 2348.5204999999996, "rss_mib": 2053.89453125}
ra baseline {"p50_ms": 125.13313046656549, "p95_ms": 159.35077890753746, "p99_ms": 171.2758569046855, "p999_ms": 171.2758569046855, "max_ms": 171.2758569046855, "links_per_second": 7.562715805180405, "bytes_per_second": 4134094947.085652, "cpu_ms": 2422.8244999999997, "rss_mib": 2036.171875}
ra s1-control {"p50_ms": 128.76744009554386, "p95_ms": 149.88015638664365, "p99_ms": 158.76670321449637, "p999_ms": 158.76670321449637, "max_ms": 158.76670321449637, "links_per_second": 7.65794962078225, "bytes_per_second": 4186153710.8966084, "cpu_ms": 2453.8155, "rss_mib": 2038.31640625}
ra s1-merge8 {"p50_ms": 139.12392733618617, "p95_ms": 155.87254986166954, "p99_ms": 163.25525473803282, "p999_ms": 163.25525473803282, "max_ms": 163.25525473803282, "links_per_second": 7.079440303396364, "bytes_per_second": 3869916461.282029, "cpu_ms": 2328.811, "rss_mib": 2069.72265625}
