hello s1-control {"p50_ms": 3.939427435398102, "p95_ms": 4.341486841440201, "p99_ms": 4.413797054439783, "p999_ms": 4.413797054439783, "max_ms": 4.413797054439783, "links_per_second": 250.75566256264364, "bytes_per_second": 2028111.7988066617, "cpu_ms": 3.8674999999999997, "rss_mib": 17.1953125}
hello s1-copy8 {"p50_ms": 3.7672410253435373, "p95_ms": 4.367706831544638, "p99_ms": 4.578697960823774, "p999_ms": 4.578697960823774, "max_ms": 4.578697960823774, "links_per_second": 259.1764863766814, "bytes_per_second": 2096219.421814599, "cpu_ms": 3.675, "rss_mib": 17.1953125}
hello s1-copy16 {"p50_ms": 3.7640316877514124, "p95_ms": 4.311582073569298, "p99_ms": 4.377321805804968, "p999_ms": 4.377321805804968, "max_ms": 4.377321805804968, "links_per_second": 261.83090938564084, "bytes_per_second": 2117688.395111063, "cpu_ms": 3.669, "rss_mib": 17.1953125}
hello h1-clean {"p50_ms": 3.9768542628735304, "p95_ms": 4.537565167993307, "p99_ms": 29.843755066394806, "p999_ms": 29.843755066394806, "max_ms": 29.843755066394806, "links_per_second": 208.48070195914042, "bytes_per_second": 1686191.9174455276, "cpu_ms": 3.8589999999999995, "rss_mib": 17.1953125}
hello p1 {"p50_ms": 3.558234078809619, "p95_ms": 3.7882281467318535, "p99_ms": 3.996624145656824, "p999_ms": 3.996624145656824, "max_ms": 3.996624145656824, "links_per_second": 281.6471012493218, "bytes_per_second": 2277961.7549045146, "cpu_ms": 3.4549999999999996, "rss_mib": 17.1953125}
hello baseline {"p50_ms": 3.9966993499547243, "p95_ms": 4.44713793694973, "p99_ms": 4.6743531711399555, "p999_ms": 4.6743531711399555, "max_ms": 4.6743531711399555, "links_per_second": 246.94454640108086, "bytes_per_second": 1997287.491291942, "cpu_ms": 3.9029999999999996, "rss_mib": 17.1953125}
hello ms2-v2 {"p50_ms": 3.915131790563464, "p95_ms": 4.404554143548012, "p99_ms": 4.414557944983244, "p999_ms": 4.414557944983244, "max_ms": 4.414557944983244, "links_per_second": 253.51455390103914, "bytes_per_second": 2050425.7119516046, "cpu_ms": 3.8269999999999995, "rss_mib": 17.1953125}
hello k1 {"p50_ms": 3.9441995322704315, "p95_ms": 4.406917374581099, "p99_ms": 4.437915049493313, "p999_ms": 4.437915049493313, "max_ms": 4.437915049493313, "links_per_second": 252.64644473340837, "bytes_per_second": 2043404.4450038068, "cpu_ms": 3.835, "rss_mib": 17.1953125}
rhello s1-control {"p50_ms": 11.902150698006153, "p95_ms": 12.526238337159157, "p99_ms": 12.843848671764135, "p999_ms": 12.843848671764135, "max_ms": 12.843848671764135, "links_per_second": 84.19193453992942, "bytes_per_second": 380821673.059343, "cpu_ms": 18.4275, "rss_mib": 48.94921875}
rhello s1-copy8 {"p50_ms": 11.689061997458339, "p95_ms": 12.300114147365093, "p99_ms": 12.387305963784456, "p999_ms": 12.387305963784456, "max_ms": 12.387305963784456, "links_per_second": 85.75674724237483, "bytes_per_second": 387899721.5045554, "cpu_ms": 18.114, "rss_mib": 48.32421875}
rhello s1-copy16 {"p50_ms": 11.73837692476809, "p95_ms": 12.398683931678534, "p99_ms": 13.257917948067188, "p999_ms": 13.257917948067188, "max_ms": 13.257917948067188, "links_per_second": 85.59038719668459, "bytes_per_second": 387147232.4297268, "cpu_ms": 18.1425, "rss_mib": 47.9140625}
rhello h1-clean {"p50_ms": 11.812028707936406, "p95_ms": 12.394486926496029, "p99_ms": 12.678567785769701, "p999_ms": 12.678567785769701, "max_ms": 12.678567785769701, "links_per_second": 84.49476047160657, "bytes_per_second": 382191432.27175725, "cpu_ms": 18.1465, "rss_mib": 48.078125}
rhello p1 {"p50_ms": 11.773285223171115, "p95_ms": 12.998855207115412, "p99_ms": 13.841253239661455, "p999_ms": 13.841253239661455, "max_ms": 13.841253239661455, "links_per_second": 84.78191540006698, "bytes_per_second": 383490307.52484536, "cpu_ms": 18.081500000000002, "rss_mib": 47.78125}
rhello baseline {"p50_ms": 12.054907623678446, "p95_ms": 12.877439614385366, "p99_ms": 14.164162799715996, "p999_ms": 14.164162799715996, "max_ms": 14.164162799715996, "links_per_second": 82.94404653522814, "bytes_per_second": 375177156.1547499, "cpu_ms": 18.669999999999998, "rss_mib": 48.33203125}
rhello ms2-v2 {"p50_ms": 11.940388474613428, "p95_ms": 13.008520007133484, "p99_ms": 13.070193119347095, "p999_ms": 13.070193119347095, "max_ms": 13.070193119347095, "links_per_second": 84.20937760465773, "bytes_per_second": 380900572.5065337, "cpu_ms": 18.377000000000002, "rss_mib": 48.1484375}
rhello k1 {"p50_ms": 11.728556826710701, "p95_ms": 12.732050381600857, "p99_ms": 13.15338909626007, "p999_ms": 13.15338909626007, "max_ms": 13.15338909626007, "links_per_second": 84.9768577590557, "bytes_per_second": 384372081.7197952, "cpu_ms": 18.017, "rss_mib": 47.90625}
tblgen s1-control {"p50_ms": 18.014925764873624, "p95_ms": 19.466688856482506, "p99_ms": 19.77431494742632, "p999_ms": 19.77431494742632, "max_ms": 19.77431494742632, "links_per_second": 54.984646905480034, "bytes_per_second": 1453851688.0908492, "cpu_ms": 118.36149999999999, "rss_mib": 183.2890625}
tblgen s1-copy8 {"p50_ms": 18.98801256902516, "p95_ms": 20.14390705153346, "p99_ms": 20.6489828415215, "p999_ms": 20.6489828415215, "max_ms": 20.6489828415215, "links_per_second": 52.673841344591594, "bytes_per_second": 1392751567.336731, "cpu_ms": 116.4695, "rss_mib": 185.94140625}
tblgen s1-copy16 {"p50_ms": 17.769874073565006, "p95_ms": 25.556810200214386, "p99_ms": 48.09829406440258, "p999_ms": 48.09829406440258, "max_ms": 48.09829406440258, "links_per_second": 52.33875132848103, "bytes_per_second": 1383891436.1364307, "cpu_ms": 114.56750000000001, "rss_mib": 181.73828125}
tblgen h1-clean {"p50_ms": 18.007163889706135, "p95_ms": 19.351213239133358, "p99_ms": 38.072402123361826, "p999_ms": 38.072402123361826, "max_ms": 38.072402123361826, "links_per_second": 53.692607276450666, "bytes_per_second": 1419688806.2417812, "cpu_ms": 112.08749999999999, "rss_mib": 185.62109375}
tblgen p1 {"p50_ms": 18.14659615047276, "p95_ms": 19.241456873714924, "p99_ms": 19.33428831398487, "p999_ms": 19.33428831398487, "max_ms": 19.33428831398487, "links_per_second": 54.93570268325099, "bytes_per_second": 1452557551.561568, "cpu_ms": 118.14099999999999, "rss_mib": 184.328125}
tblgen baseline {"p50_ms": 18.32148083485663, "p95_ms": 19.567121751606464, "p99_ms": 19.61125899106264, "p999_ms": 19.61125899106264, "max_ms": 19.61125899106264, "links_per_second": 54.78954371228312, "bytes_per_second": 1448692955.194576, "cpu_ms": 119.547, "rss_mib": 182.078125}
tblgen ms2-v2 {"p50_ms": 18.184713553637266, "p95_ms": 19.24696611240506, "p99_ms": 19.24984995275736, "p999_ms": 19.24984995275736, "max_ms": 19.24984995275736, "links_per_second": 54.821623586559625, "bytes_per_second": 1449541180.690155, "cpu_ms": 119.195, "rss_mib": 182.55078125}
tblgen k1 {"p50_ms": 18.62044050358236, "p95_ms": 20.346103236079216, "p99_ms": 24.474318139255047, "p999_ms": 24.474318139255047, "max_ms": 24.474318139255047, "links_per_second": 53.04024265015213, "bytes_per_second": 1402439601.8443198, "cpu_ms": 117.09649999999999, "rss_mib": 182.20703125}
lld s1-control {"p50_ms": 202.7196534909308, "p95_ms": 207.1920740418136, "p99_ms": 223.40491600334644, "p999_ms": 223.40491600334644, "max_ms": 223.40491600334644, "links_per_second": 4.953904268753911, "bytes_per_second": 3241511047.395851, "cpu_ms": 5563.189, "rss_mib": 2751.82421875}
lld s1-copy8 {"p50_ms": 186.32864556275308, "p95_ms": 194.33860015124083, "p99_ms": 202.82840309664607, "p999_ms": 202.82840309664607, "max_ms": 202.82840309664607, "links_per_second": 5.376096409035565, "bytes_per_second": 3517765979.385266, "cpu_ms": 3128.9725, "rss_mib": 2770.48046875}
lld s1-copy16 {"p50_ms": 204.9031367059797, "p95_ms": 209.34017840772867, "p99_ms": 209.52161494642496, "p999_ms": 209.52161494642496, "max_ms": 209.52161494642496, "links_per_second": 4.912185294286357, "bytes_per_second": 3214212878.2577105, "cpu_ms": 4071.6504999999997, "rss_mib": 2759.953125}
lld h1-clean {"p50_ms": 185.47238688915968, "p95_ms": 188.95983509719372, "p99_ms": 189.63034683838487, "p999_ms": 189.63034683838487, "max_ms": 189.63034683838487, "links_per_second": 5.412972962540279, "bytes_per_second": 3541895584.862176, "cpu_ms": 4480.317, "rss_mib": 2751.87890625}
lld p1 {"p50_ms": 202.0321460440755, "p95_ms": 204.98312264680862, "p99_ms": 205.25173982605338, "p999_ms": 205.25173982605338, "max_ms": 205.25173982605338, "links_per_second": 4.974343812524954, "bytes_per_second": 3254885348.4204917, "cpu_ms": 5458.356999999999, "rss_mib": 2751.609375}
lld baseline {"p50_ms": 202.40933541208506, "p95_ms": 207.45505904778838, "p99_ms": 214.93803802877665, "p999_ms": 214.93803802877665, "max_ms": 214.93803802877665, "links_per_second": 4.938061171002065, "bytes_per_second": 3231144360.112147, "cpu_ms": 5429.295, "rss_mib": 2748.63671875}
lld ms2-v2 {"p50_ms": 202.1420521195978, "p95_ms": 205.42657608166337, "p99_ms": 206.5140651538968, "p999_ms": 206.5140651538968, "max_ms": 206.5140651538968, "links_per_second": 4.973345049019732, "bytes_per_second": 3254231822.885828, "cpu_ms": 5500.5435, "rss_mib": 2762.55078125}
lld k1 {"p50_ms": 186.0464916098863, "p95_ms": 194.32692788541317, "p99_ms": 230.14812590554357, "p999_ms": 230.14812590554357, "max_ms": 230.14812590554357, "links_per_second": 5.315454090024909, "bytes_per_second": 3478085610.862078, "cpu_ms": 2943.9415000000004, "rss_mib": 2744.5234375}
clang s1-control {"p50_ms": 210.32361034303904, "p95_ms": 233.77252276986837, "p99_ms": 238.0641596391797, "p999_ms": 238.0641596391797, "max_ms": 238.0641596391797, "links_per_second": 4.7166636925274315, "bytes_per_second": 5596942787.858687, "cpu_ms": 4927.522, "rss_mib": 4743.07421875}
clang s1-copy8 {"p50_ms": 214.57427204586565, "p95_ms": 237.691018730402, "p99_ms": 239.83164923265576, "p999_ms": 239.83164923265576, "max_ms": 239.83164923265576, "links_per_second": 4.625884451642023, "bytes_per_second": 5489221260.380307, "cpu_ms": 3481.1875, "rss_mib": 4747.42578125}
clang s1-copy16 {"p50_ms": 211.54034906066954, "p95_ms": 223.27120834961534, "p99_ms": 224.88951915875077, "p999_ms": 224.88951915875077, "max_ms": 224.88951915875077, "links_per_second": 4.723905152781626, "bytes_per_second": 5605535734.353364, "cpu_ms": 4143.679999999999, "rss_mib": 4743.4921875}
clang h1-clean {"p50_ms": 199.66287608258426, "p95_ms": 214.42879596725106, "p99_ms": 220.57829005643725, "p999_ms": 220.57829005643725, "max_ms": 220.57829005643725, "links_per_second": 4.993017285976067, "bytes_per_second": 5924872729.991651, "cpu_ms": 3998.092, "rss_mib": 4730.6875}
clang p1 {"p50_ms": 207.20541663467884, "p95_ms": 216.33186005055904, "p99_ms": 218.83256314322352, "p999_ms": 218.83256314322352, "max_ms": 218.83256314322352, "links_per_second": 4.797603635481763, "bytes_per_second": 5692988692.230805, "cpu_ms": 4669.821499999999, "rss_mib": 4729.33203125}
clang baseline {"p50_ms": 209.1645400505513, "p95_ms": 220.77346127480268, "p99_ms": 222.7380066178739, "p999_ms": 222.7380066178739, "max_ms": 222.7380066178739, "links_per_second": 4.777168147035962, "bytes_per_second": 5668739293.263842, "cpu_ms": 5100.9055, "rss_mib": 4733.31640625}
clang ms2-v2 {"p50_ms": 209.80505947954953, "p95_ms": 216.31131507456303, "p99_ms": 220.71313904598355, "p999_ms": 220.71313904598355, "max_ms": 220.71313904598355, "links_per_second": 4.781416666319921, "bytes_per_second": 5673780721.043207, "cpu_ms": 4811.519, "rss_mib": 4733.2265625}
clang k1 {"p50_ms": 238.94278681837022, "p95_ms": 271.08767442405224, "p99_ms": 283.5770472884178, "p999_ms": 283.5770472884178, "max_ms": 283.5770472884178, "links_per_second": 4.163479692580741, "bytes_per_second": 4940517102.099993, "cpu_ms": 3551.6315, "rss_mib": 4733.8046875}
clang-s s1-control {"p50_ms": 55.87606178596616, "p95_ms": 65.36474358290434, "p99_ms": 67.31406226754189, "p999_ms": 67.31406226754189, "max_ms": 67.31406226754189, "links_per_second": 17.474903830729538, "bytes_per_second": 2421765558.748571, "cpu_ms": 1122.7385000000002, "rss_mib": 1386.01953125}
clang-s s1-copy8 {"p50_ms": 64.07041708007455, "p95_ms": 72.04926433041692, "p99_ms": 72.23847089335322, "p999_ms": 72.23847089335322, "max_ms": 72.23847089335322, "links_per_second": 15.342952311662698, "bytes_per_second": 2126308324.0873702, "cpu_ms": 1082.4505, "rss_mib": 1391.14453125}
clang-s s1-copy16 {"p50_ms": 59.48685901239514, "p95_ms": 64.86998498439789, "p99_ms": 66.75516394898295, "p999_ms": 66.75516394898295, "max_ms": 66.75516394898295, "links_per_second": 16.81441716727795, "bytes_per_second": 2330231787.2867203, "cpu_ms": 1097.5555, "rss_mib": 1390.4765625}
clang-s h1-clean {"p50_ms": 56.99937092140317, "p95_ms": 63.097406178712845, "p99_ms": 66.41628872603178, "p999_ms": 66.41628872603178, "max_ms": 66.41628872603178, "links_per_second": 17.313155411217338, "bytes_per_second": 2399349598.389016, "cpu_ms": 1113.6650000000002, "rss_mib": 1389.0}
clang-s p1 {"p50_ms": 56.09283596277237, "p95_ms": 66.24237727373838, "p99_ms": 67.5267749466002, "p999_ms": 67.5267749466002, "max_ms": 67.5267749466002, "links_per_second": 17.47522371557843, "bytes_per_second": 2421809890.1003947, "cpu_ms": 1113.6909999999998, "rss_mib": 1387.09765625}
clang-s baseline {"p50_ms": 56.167884496971965, "p95_ms": 64.25752583891153, "p99_ms": 66.02316303178668, "p999_ms": 66.02316303178668, "max_ms": 66.02316303178668, "links_per_second": 17.432132112897023, "bytes_per_second": 2415838025.5192804, "cpu_ms": 1114.9134999999999, "rss_mib": 1385.21875}
clang-s ms2-v2 {"p50_ms": 56.618477916345, "p95_ms": 67.08208983764052, "p99_ms": 67.76374438777566, "p999_ms": 67.76374438777566, "max_ms": 67.76374438777566, "links_per_second": 17.271978534022566, "bytes_per_second": 2393643086.698133, "cpu_ms": 1108.3135, "rss_mib": 1385.42578125}
clang-s k1 {"p50_ms": 60.79570855945349, "p95_ms": 72.15187000110745, "p99_ms": 72.28573318570852, "p999_ms": 72.28573318570852, "max_ms": 72.28573318570852, "links_per_second": 16.114197493621877, "bytes_per_second": 2233191602.9375257, "cpu_ms": 1125.6154999999999, "rss_mib": 1387.1640625}
ra s1-control {"p50_ms": 132.44117656722665, "p95_ms": 150.2699968405068, "p99_ms": 157.62375760823488, "p999_ms": 157.62375760823488, "max_ms": 157.62375760823488, "links_per_second": 7.509822369322729, "bytes_per_second": 4105181195.5252094, "cpu_ms": 2378.2655000000004, "rss_mib": 2032.7734375}
ra s1-copy8 {"p50_ms": 153.62664707936347, "p95_ms": 167.66724409535527, "p99_ms": 167.93070686981082, "p999_ms": 167.93070686981082, "max_ms": 167.93070686981082, "links_per_second": 6.492360465777568, "bytes_per_second": 3548994208.911628, "cpu_ms": 2239.2015, "rss_mib": 2043.484375}
ra s1-copy16 {"p50_ms": 138.52050411514938, "p95_ms": 156.20371932163835, "p99_ms": 158.63708406686783, "p999_ms": 158.63708406686783, "max_ms": 158.63708406686783, "links_per_second": 7.1399384058964666, "bytes_per_second": 3902987239.8616796, "cpu_ms": 2302.928, "rss_mib": 2046.5859375}
ra h1-clean {"p50_ms": 134.39174788072705, "p95_ms": 163.14829187467694, "p99_ms": 167.72424802184105, "p999_ms": 167.72424802184105, "max_ms": 167.72424802184105, "links_per_second": 7.303699718113731, "bytes_per_second": 3992505982.9700437, "cpu_ms": 2389.9739999999997, "rss_mib": 2033.91015625}
ra p1 {"p50_ms": 136.59509574063122, "p95_ms": 168.76242775470018, "p99_ms": 171.83918599039316, "p999_ms": 171.83918599039316, "max_ms": 171.83918599039316, "links_per_second": 7.249942635077847, "bytes_per_second": 3963120125.948088, "cpu_ms": 2381.7870000000003, "rss_mib": 2043.64453125}
ra baseline {"p50_ms": 134.52447508461773, "p95_ms": 162.1718369424343, "p99_ms": 162.43293089792132, "p999_ms": 162.43293089792132, "max_ms": 162.43293089792132, "links_per_second": 7.26354115179957, "bytes_per_second": 3970553640.6689014, "cpu_ms": 2370.8624999999997, "rss_mib": 2031.203125}
ra ms2-v2 {"p50_ms": 132.47454329393804, "p95_ms": 158.3975669927895, "p99_ms": 160.95789289101958, "p999_ms": 160.95789289101958, "max_ms": 160.95789289101958, "links_per_second": 7.38164219937438, "bytes_per_second": 4035112584.387255, "cpu_ms": 2370.2625, "rss_mib": 2034.41015625}
ra k1 {"p50_ms": 152.32698991894722, "p95_ms": 173.57274005189538, "p99_ms": 175.1724029891193, "p999_ms": 175.1724029891193, "max_ms": 175.1724029891193, "links_per_second": 6.570798669606421, "bytes_per_second": 3591871792.8987465, "cpu_ms": 2374.9985, "rss_mib": 2030.30859375}
ra-s s1-control {"p50_ms": 108.87073935009539, "p95_ms": 117.69867269322276, "p99_ms": 119.3761988542974, "p999_ms": 119.3761988542974, "max_ms": 119.3761988542974, "links_per_second": 9.034582198780116, "bytes_per_second": 2308082205.2734933, "cpu_ms": 1984.5455, "rss_mib": 1439.40234375}
ra-s s1-copy8 {"p50_ms": 117.09791352041066, "p95_ms": 125.81392331048846, "p99_ms": 161.39298165217042, "p999_ms": 161.39298165217042, "max_ms": 161.39298165217042, "links_per_second": 8.400542794301645, "bytes_per_second": 2146102931.1110911, "cpu_ms": 1926.51, "rss_mib": 1436.109375}
ra-s s1-copy16 {"p50_ms": 110.56501045823097, "p95_ms": 122.91142204776406, "p99_ms": 127.89512192830443, "p999_ms": 127.89512192830443, "max_ms": 127.89512192830443, "links_per_second": 8.92034994941587, "bytes_per_second": 2278899071.3747745, "cpu_ms": 1956.6245, "rss_mib": 1440.8203125}
ra-s h1-clean {"p50_ms": 109.41430786624551, "p95_ms": 118.30435274168849, "p99_ms": 126.70254334807396, "p999_ms": 126.70254334807396, "max_ms": 126.70254334807396, "links_per_second": 9.036718176757077, "bytes_per_second": 2308627887.702521, "cpu_ms": 1980.394, "rss_mib": 1435.55859375}
ra-s p1 {"p50_ms": 109.74776465445757, "p95_ms": 117.67346691340208, "p99_ms": 119.62844990193844, "p999_ms": 119.62844990193844, "max_ms": 119.62844990193844, "links_per_second": 9.025071067413924, "bytes_per_second": 2305652378.1298213, "cpu_ms": 1981.9515000000001, "rss_mib": 1439.2109375}
ra-s baseline {"p50_ms": 108.79038646817207, "p95_ms": 118.6853819526732, "p99_ms": 119.14591025561094, "p999_ms": 119.14591025561094, "max_ms": 119.14591025561094, "links_per_second": 9.060724091691865, "bytes_per_second": 2314760725.266362, "cpu_ms": 1978.414, "rss_mib": 1434.859375}
ra-s ms2-v2 {"p50_ms": 109.80637813918293, "p95_ms": 118.7687385827303, "p99_ms": 127.94444523751736, "p999_ms": 127.94444523751736, "max_ms": 127.94444523751736, "links_per_second": 8.999804782506459, "bytes_per_second": 2299197551.4089837, "cpu_ms": 2004.4865, "rss_mib": 1434.76953125}
ra-s k1 {"p50_ms": 115.6493469607085, "p95_ms": 136.1721558496356, "p99_ms": 137.6092368736863, "p999_ms": 137.6092368736863, "max_ms": 137.6092368736863, "links_per_second": 8.486139416821823, "bytes_per_second": 2167970465.981382, "cpu_ms": 1974.441, "rss_mib": 1422.37109375}
