hello baseline {"p50_ms": 4.268535180017352, "p95_ms": 4.940980579704046, "p99_ms": 4.955803044140339, "p999_ms": 4.955803044140339, "max_ms": 4.955803044140339, "links_per_second": 230.38959710363832, "bytes_per_second": 1863391.0613742266, "cpu_ms": 4.1265, "rss_mib": 16.53125}
hello g1 {"p50_ms": 4.199995426461101, "p95_ms": 4.884494934231043, "p99_ms": 5.217150319367647, "p999_ms": 5.217150319367647, "max_ms": 5.217150319367647, "links_per_second": 235.50492392043233, "bytes_per_second": 1904763.8246684568, "cpu_ms": 4.061, "rss_mib": 16.546875}
hello h1 {"p50_ms": 4.396364092826843, "p95_ms": 5.1486860029399395, "p99_ms": 6.073751021176577, "p999_ms": 6.073751021176577, "max_ms": 6.073751021176577, "links_per_second": 225.49925605680124, "bytes_per_second": 1823837.9829874085, "cpu_ms": 4.2255, "rss_mib": 16.53125}
rhello baseline {"p50_ms": 12.23002071492374, "p95_ms": 13.25243804603815, "p99_ms": 13.79937818273902, "p999_ms": 13.79937818273902, "max_ms": 13.79937818273902, "links_per_second": 81.91200820160002, "bytes_per_second": 370508982.56993645, "cpu_ms": 18.526500000000002, "rss_mib": 48.66015625}
rhello g1 {"p50_ms": 12.521517463028431, "p95_ms": 13.951989822089672, "p99_ms": 14.18745843693614, "p999_ms": 14.18745843693614, "max_ms": 14.18745843693614, "links_per_second": 79.35555340442305, "bytes_per_second": 358945483.06987697, "cpu_ms": 19.247, "rss_mib": 49.921875}
rhello h1 {"p50_ms": 12.436384335160255, "p95_ms": 13.122681062668562, "p99_ms": 15.345764812082052, "p999_ms": 15.345764812082052, "max_ms": 15.345764812082052, "links_per_second": 79.96984265549875, "bytes_per_second": 361724070.6105406, "cpu_ms": 19.1745, "rss_mib": 48.26171875}
tblgen baseline {"p50_ms": 18.872223095968366, "p95_ms": 22.53197366371751, "p99_ms": 23.6958721652627, "p999_ms": 23.6958721652627, "max_ms": 23.6958721652627, "links_per_second": 52.450209005345094, "bytes_per_second": 1386838493.920362, "cpu_ms": 120.88749999999999, "rss_mib": 180.765625}
tblgen g1 {"p50_ms": 18.471935531124473, "p95_ms": 23.853990714997053, "p99_ms": 26.00407460704446, "p999_ms": 26.00407460704446, "max_ms": 26.00407460704446, "links_per_second": 51.94260409000449, "bytes_per_second": 1373416887.9888048, "cpu_ms": 116.49649999999998, "rss_mib": 181.2109375}
tblgen h1 {"p50_ms": 18.351928098127246, "p95_ms": 22.0195259898901, "p99_ms": 24.744712747633457, "p999_ms": 24.744712747633457, "max_ms": 24.744712747633457, "links_per_second": 52.98996264791959, "bytes_per_second": 1401110145.891849, "cpu_ms": 117.38850000000001, "rss_mib": 182.625}
lld baseline {"p50_ms": 201.89472706988454, "p95_ms": 214.89475388079882, "p99_ms": 219.855644274503, "p999_ms": 219.855644274503, "max_ms": 219.855644274503, "links_per_second": 4.943936997790379, "bytes_per_second": 3234989116.9773607, "cpu_ms": 5053.539000000001, "rss_mib": 2747.41796875}
lld g1 {"p50_ms": 204.25894996151328, "p95_ms": 209.08106490969658, "p99_ms": 245.77341601252556, "p999_ms": 245.77341601252556, "max_ms": 245.77341601252556, "links_per_second": 4.893948699759528, "bytes_per_second": 3202280043.18085, "cpu_ms": 5276.5055, "rss_mib": 2747.09375}
lld h1 {"p50_ms": 186.7025049868971, "p95_ms": 194.70199197530746, "p99_ms": 197.25840212777257, "p999_ms": 197.25840212777257, "max_ms": 197.25840212777257, "links_per_second": 5.33610280599618, "bytes_per_second": 3491596780.498033, "cpu_ms": 4234.518999999999, "rss_mib": 2758.01953125}
clang baseline {"p50_ms": 131.9070130120963, "p95_ms": 143.24880903586745, "p99_ms": 150.51761316135526, "p999_ms": 150.51761316135526, "max_ms": 150.51761316135526, "links_per_second": 7.46619244898678, "bytes_per_second": 8859620847.321735, "cpu_ms": 2900.7014999999997, "rss_mib": 4722.5703125}
clang g1 {"p50_ms": 132.0986789651215, "p95_ms": 143.23199493810534, "p99_ms": 145.34498285502195, "p999_ms": 145.34498285502195, "max_ms": 145.34498285502195, "links_per_second": 7.529812175215428, "bytes_per_second": 8935114032.991322, "cpu_ms": 2883.9674999999997, "rss_mib": 4742.890625}
clang h1 {"p50_ms": 130.66067546606064, "p95_ms": 149.66977620497346, "p99_ms": 150.62798094004393, "p999_ms": 150.62798094004393, "max_ms": 150.62798094004393, "links_per_second": 7.511168278075633, "bytes_per_second": 8912990593.111673, "cpu_ms": 2915.8125, "rss_mib": 4734.859375}
clang-s baseline {"p50_ms": 59.38464356586337, "p95_ms": 68.06257599964738, "p99_ms": 105.92303797602654, "p999_ms": 105.92303797602654, "max_ms": 105.92303797602654, "links_per_second": 16.388232186693035, "bytes_per_second": 2271168795.1447263, "cpu_ms": 1094.088, "rss_mib": 1390.03125}
clang-s g1 {"p50_ms": 57.418168522417545, "p95_ms": 66.45931303501129, "p99_ms": 67.08530290052295, "p999_ms": 67.08530290052295, "max_ms": 67.08530290052295, "links_per_second": 17.05961912462583, "bytes_per_second": 2364213184.8952494, "cpu_ms": 1123.8874999999998, "rss_mib": 1382.828125}
clang-s h1 {"p50_ms": 59.58886886946857, "p95_ms": 66.30906462669373, "p99_ms": 66.75726501271129, "p999_ms": 66.75726501271129, "max_ms": 66.75726501271129, "links_per_second": 16.66081567229811, "bytes_per_second": 2308944871.266025, "cpu_ms": 1122.8754999999999, "rss_mib": 1381.5390625}
ra baseline {"p50_ms": 137.05097138881683, "p95_ms": 154.4644283130765, "p99_ms": 157.58992219343781, "p999_ms": 157.58992219343781, "max_ms": 157.58992219343781, "links_per_second": 7.341071358716466, "bytes_per_second": 4012934875.785801, "cpu_ms": 2408.2835, "rss_mib": 2035.734375}
ra g1 {"p50_ms": 131.6996831446886, "p95_ms": 139.4083248451352, "p99_ms": 145.05863096565008, "p999_ms": 145.05863096565008, "max_ms": 145.05863096565008, "links_per_second": 7.625331233136798, "bytes_per_second": 4168323143.8065724, "cpu_ms": 2419.3354999999997, "rss_mib": 2028.4609375}
ra h1 {"p50_ms": 136.55332499183714, "p95_ms": 148.26732221990824, "p99_ms": 151.78791573271155, "p999_ms": 151.78791573271155, "max_ms": 151.78791573271155, "links_per_second": 7.34827168033387, "bytes_per_second": 4016870871.000048, "cpu_ms": 2427.518, "rss_mib": 2034.94921875}
ra-s baseline {"p50_ms": 113.20966808125377, "p95_ms": 124.86385507509112, "p99_ms": 126.0175546631217, "p999_ms": 126.0175546631217, "max_ms": 126.0175546631217, "links_per_second": 8.763152631516476, "bytes_per_second": 2238739568.2370086, "cpu_ms": 1975.775, "rss_mib": 1434.8046875}
ra-s g1 {"p50_ms": 110.90696766041219, "p95_ms": 127.42680544033647, "p99_ms": 135.0904582068324, "p999_ms": 135.0904582068324, "max_ms": 135.0904582068324, "links_per_second": 8.805337605180354, "bytes_per_second": 2249516645.129029, "cpu_ms": 1976.6299999999997, "rss_mib": 1440.30078125}
ra-s h1 {"p50_ms": 112.42929380387068, "p95_ms": 131.54926197603345, "p99_ms": 136.47708296775818, "p999_ms": 136.47708296775818, "max_ms": 136.47708296775818, "links_per_second": 8.811802428743722, "bytes_per_second": 2251168226.1206603, "cpu_ms": 1966.336, "rss_mib": 1433.65625}
