hello p1 {"p50_ms": 3.60671803355217, "p95_ms": 3.9784773252904415, "p99_ms": 4.087572917342186, "p999_ms": 4.087572917342186, "max_ms": 4.087572917342186, "links_per_second": 279.5511554088017, "bytes_per_second": 2261009.744946388, "cpu_ms": 3.4985, "rss_mib": 16.22265625}
hello cr2 {"p50_ms": 4.033280303701758, "p95_ms": 4.6593910083174706, "p99_ms": 4.944112151861191, "p999_ms": 4.944112151861191, "max_ms": 4.944112151861191, "links_per_second": 243.24518253353764, "bytes_per_second": 1967367.0363312524, "cpu_ms": 3.914, "rss_mib": 16.5390625}
hello baseline {"p50_ms": 4.060477018356323, "p95_ms": 4.438926000148058, "p99_ms": 4.573228769004345, "p999_ms": 4.573228769004345, "max_ms": 4.573228769004345, "links_per_second": 248.4637986886816, "bytes_per_second": 2009575.2037940568, "cpu_ms": 3.9365, "rss_mib": 16.52734375}
hello ms2 {"p50_ms": 3.9315714966505766, "p95_ms": 4.069384653121233, "p99_ms": 4.129095934331417, "p999_ms": 4.129095934331417, "max_ms": 4.129095934331417, "links_per_second": 258.49677080957605, "bytes_per_second": 2090721.8823078512, "cpu_ms": 3.8310000000000004, "rss_mib": 16.53515625}
hello h2 {"p50_ms": 4.053120268508792, "p95_ms": 4.458606243133545, "p99_ms": 4.850570112466812, "p999_ms": 4.850570112466812, "max_ms": 4.850570112466812, "links_per_second": 246.68153518315486, "bytes_per_second": 1995160.2565613566, "cpu_ms": 3.925, "rss_mib": 16.54296875}
rhello p1 {"p50_ms": 12.141314102336764, "p95_ms": 12.816277798265219, "p99_ms": 16.251040156930685, "p999_ms": 16.251040156930685, "max_ms": 16.251040156930685, "links_per_second": 82.15349056269893, "bytes_per_second": 371601269.1086713, "cpu_ms": 18.493, "rss_mib": 48.203125}
rhello cr2 {"p50_ms": 12.070932425558567, "p95_ms": 13.262524735182524, "p99_ms": 13.602231163531542, "p999_ms": 13.602231163531542, "max_ms": 13.602231163531542, "links_per_second": 83.21677656789932, "bytes_per_second": 376410783.91141003, "cpu_ms": 18.612999999999996, "rss_mib": 48.91015625}
rhello baseline {"p50_ms": 12.32580398209393, "p95_ms": 14.05744208022952, "p99_ms": 14.153617899864912, "p999_ms": 14.153617899864912, "max_ms": 14.153617899864912, "links_per_second": 81.36258525246544, "bytes_per_second": 368023801.9187258, "cpu_ms": 18.63, "rss_mib": 48.1640625}
rhello ms2 {"p50_ms": 12.069314951077104, "p95_ms": 13.018605764955282, "p99_ms": 13.352703303098679, "p999_ms": 13.352703303098679, "max_ms": 13.352703303098679, "links_per_second": 84.30012009472816, "bytes_per_second": 381311024.01919967, "cpu_ms": 18.2965, "rss_mib": 47.46484375}
rhello h2 {"p50_ms": 12.093586614355445, "p95_ms": 13.39500630274415, "p99_ms": 13.535679783672094, "p999_ms": 13.535679783672094, "max_ms": 13.535679783672094, "links_per_second": 82.922516978583, "bytes_per_second": 375079772.45847744, "cpu_ms": 18.6655, "rss_mib": 47.94140625}
tblgen p1 {"p50_ms": 17.898600548505783, "p95_ms": 18.76428397372365, "p99_ms": 19.05061863362789, "p999_ms": 19.05061863362789, "max_ms": 19.05061863362789, "links_per_second": 55.93641591247691, "bytes_per_second": 1479017458.0897658, "cpu_ms": 112.67849999999999, "rss_mib": 183.24609375}
tblgen cr2 {"p50_ms": 18.096345709636807, "p95_ms": 19.01419321075082, "p99_ms": 19.104159902781248, "p999_ms": 19.104159902781248, "max_ms": 19.104159902781248, "links_per_second": 55.24286356905767, "bytes_per_second": 1460679207.2869053, "cpu_ms": 117.98049999999999, "rss_mib": 183.234375}
tblgen baseline {"p50_ms": 18.34346540272236, "p95_ms": 18.940451089292765, "p99_ms": 18.963515758514404, "p999_ms": 18.963515758514404, "max_ms": 18.963515758514404, "links_per_second": 54.75212223853447, "bytes_per_second": 1447703492.2109575, "cpu_ms": 120.9045, "rss_mib": 181.46875}
tblgen ms2 {"p50_ms": 18.302457872778177, "p95_ms": 19.384905695915222, "p99_ms": 19.535643979907036, "p999_ms": 19.535643979907036, "max_ms": 19.535643979907036, "links_per_second": 54.921961151357216, "bytes_per_second": 1452194211.0571713, "cpu_ms": 118.18749999999999, "rss_mib": 180.8125}
tblgen h2 {"p50_ms": 17.784883035346866, "p95_ms": 18.97962996736169, "p99_ms": 19.146163016557693, "p999_ms": 19.146163016557693, "max_ms": 19.146163016557693, "links_per_second": 56.14948186614326, "bytes_per_second": 1484651145.1978235, "cpu_ms": 109.72249999999998, "rss_mib": 180.69921875}
lld p1 {"p50_ms": 202.08467869088054, "p95_ms": 207.19493925571442, "p99_ms": 208.24630605056882, "p999_ms": 208.24630605056882, "max_ms": 208.24630605056882, "links_per_second": 4.997683310527674, "bytes_per_second": 3270157189.8837347, "cpu_ms": 4644.189, "rss_mib": 2735.484375}
lld cr2 {"p50_ms": 202.66306260600686, "p95_ms": 209.6832157112658, "p99_ms": 222.64026617631316, "p999_ms": 222.64026617631316, "max_ms": 222.64026617631316, "links_per_second": 4.9689235358692, "bytes_per_second": 3251338673.7763352, "cpu_ms": 4651.5815, "rss_mib": 2741.38671875}
lld baseline {"p50_ms": 201.6585818491876, "p95_ms": 206.72340225428343, "p99_ms": 207.53832021728158, "p999_ms": 207.53832021728158, "max_ms": 207.53832021728158, "links_per_second": 4.995797315252193, "bytes_per_second": 3268923117.8893747, "cpu_ms": 4529.2995, "rss_mib": 2751.20703125}
lld ms2 {"p50_ms": 202.40604178979993, "p95_ms": 215.8213509246707, "p99_ms": 219.42369733005762, "p999_ms": 219.42369733005762, "max_ms": 219.42369733005762, "links_per_second": 4.942951349234332, "bytes_per_second": 3234344173.0079284, "cpu_ms": 4745.183499999999, "rss_mib": 2813.6796875}
lld h2 {"p50_ms": 207.143570529297, "p95_ms": 215.82331275567412, "p99_ms": 219.0702697262168, "p999_ms": 219.0702697262168, "max_ms": 219.0702697262168, "links_per_second": 4.824488103239255, "bytes_per_second": 3156829570.429626, "cpu_ms": 4595.719, "rss_mib": 2752.61328125}
clang p1 {"p50_ms": 298.59690205194056, "p95_ms": 318.5948561877012, "p99_ms": 400.11035092175007, "p999_ms": 400.11035092175007, "max_ms": 400.11035092175007, "links_per_second": 3.2905397917216908, "bytes_per_second": 3904658919.10347, "cpu_ms": 6713.2935, "rss_mib": 4719.9921875}
clang cr2 {"p50_ms": 303.2650526147336, "p95_ms": 324.3523919954896, "p99_ms": 329.1605291888118, "p999_ms": 329.1605291888118, "max_ms": 329.1605291888118, "links_per_second": 3.278323144961555, "bytes_per_second": 3890162258.448125, "cpu_ms": 7094.983, "rss_mib": 4747.59375}
clang baseline {"p50_ms": 300.6148743443191, "p95_ms": 314.97279880568385, "p99_ms": 345.4470420256257, "p999_ms": 345.4470420256257, "max_ms": 345.4470420256257, "links_per_second": 3.299204130211411, "bytes_per_second": 3914940298.0575037, "cpu_ms": 6711.307, "rss_mib": 4737.3671875}
clang ms2 {"p50_ms": 305.66745181567967, "p95_ms": 323.4970346093178, "p99_ms": 331.29600901156664, "p999_ms": 331.29600901156664, "max_ms": 331.29600901156664, "links_per_second": 3.2444818387358136, "bytes_per_second": 3850005090.7636957, "cpu_ms": 7735.050499999999, "rss_mib": 4777.8359375}
clang h2 {"p50_ms": 307.9364341683686, "p95_ms": 320.75036922469735, "p99_ms": 335.3805672377348, "p999_ms": 335.3805672377348, "max_ms": 335.3805672377348, "links_per_second": 3.219437980674742, "bytes_per_second": 3820287254.1968994, "cpu_ms": 7111.1955, "rss_mib": 4730.39453125}
clang-s p1 {"p50_ms": 56.58342130482197, "p95_ms": 64.15810529142618, "p99_ms": 64.45013778284192, "p999_ms": 64.45013778284192, "max_ms": 64.45013778284192, "links_per_second": 17.37359207306169, "bytes_per_second": 2407725233.9609275, "cpu_ms": 1130.0624999999998, "rss_mib": 1382.58984375}
clang-s cr2 {"p50_ms": 57.34683480113745, "p95_ms": 62.27872287854552, "p99_ms": 65.76950009912252, "p999_ms": 65.76950009912252, "max_ms": 65.76950009912252, "links_per_second": 17.40222082249091, "bytes_per_second": 2411692759.048866, "cpu_ms": 1117.953, "rss_mib": 1386.30859375}
clang-s baseline {"p50_ms": 56.628554593771696, "p95_ms": 62.53425031900406, "p99_ms": 67.57720373570919, "p999_ms": 67.57720373570919, "max_ms": 67.57720373570919, "links_per_second": 17.40324782309366, "bytes_per_second": 2411835086.2806864, "cpu_ms": 1126.11, "rss_mib": 1386.13671875}
clang-s ms2 {"p50_ms": 56.61863973364234, "p95_ms": 61.77949486300349, "p99_ms": 64.57913434132934, "p999_ms": 64.57913434132934, "max_ms": 64.57913434132934, "links_per_second": 17.55831978047161, "bytes_per_second": 2433325786.8386626, "cpu_ms": 1124.1464999999996, "rss_mib": 1388.08203125}
clang-s h2 {"p50_ms": 57.5661170296371, "p95_ms": 65.80906128510833, "p99_ms": 104.31920690461993, "p999_ms": 104.31920690461993, "max_ms": 104.31920690461993, "links_per_second": 16.855875699773378, "bytes_per_second": 2335977332.2743344, "cpu_ms": 1111.2989999999998, "rss_mib": 1389.6171875}
ra p1 {"p50_ms": 126.8876614049077, "p95_ms": 141.42287708818913, "p99_ms": 145.88575018569827, "p999_ms": 145.88575018569827, "max_ms": 145.88575018569827, "links_per_second": 7.768330895945691, "bytes_per_second": 4246492705.9958916, "cpu_ms": 2456.57, "rss_mib": 2033.79296875}
ra cr2 {"p50_ms": 124.194415519014, "p95_ms": 141.3286840543151, "p99_ms": 152.97472616657615, "p999_ms": 152.97472616657615, "max_ms": 152.97472616657615, "links_per_second": 7.8722483364241285, "bytes_per_second": 4303298300.26425, "cpu_ms": 2481.414, "rss_mib": 2041.37890625}
ra baseline {"p50_ms": 127.08483100868762, "p95_ms": 149.00358067825437, "p99_ms": 156.6451950930059, "p999_ms": 156.6451950930059, "max_ms": 156.6451950930059, "links_per_second": 7.7439587727992345, "bytes_per_second": 4233169889.99367, "cpu_ms": 2450.1735, "rss_mib": 2038.90234375}
ra ms2 {"p50_ms": 129.63332841172814, "p95_ms": 139.91726329550147, "p99_ms": 146.22899005189538, "p999_ms": 146.22899005189538, "max_ms": 146.22899005189538, "links_per_second": 7.682830179994629, "bytes_per_second": 4199754459.195269, "cpu_ms": 2428.2050000000004, "rss_mib": 2071.7421875}
ra h2 {"p50_ms": 125.86796400137246, "p95_ms": 135.75661880895495, "p99_ms": 169.30974321439862, "p999_ms": 169.30974321439862, "max_ms": 169.30974321439862, "links_per_second": 7.777733554018681, "bytes_per_second": 4251632589.898721, "cpu_ms": 2450.3635, "rss_mib": 2039.1796875}
ra-s p1 {"p50_ms": 114.15377794764936, "p95_ms": 125.39321184158325, "p99_ms": 129.72912192344666, "p999_ms": 129.72912192344666, "max_ms": 129.72912192344666, "links_per_second": 8.7195559753496, "bytes_per_second": 2227601846.0829306, "cpu_ms": 1921.5439999999999, "rss_mib": 1433.3046875}
ra-s cr2 {"p50_ms": 112.89378092624247, "p95_ms": 121.18058977648616, "p99_ms": 125.92255603522062, "p999_ms": 125.92255603522062, "max_ms": 125.92255603522062, "links_per_second": 8.748951887359068, "bytes_per_second": 2235111676.6344748, "cpu_ms": 1931.6915, "rss_mib": 1440.078125}
ra-s baseline {"p50_ms": 112.51061456277966, "p95_ms": 128.4723849967122, "p99_ms": 129.3355249799788, "p999_ms": 129.3355249799788, "max_ms": 129.3355249799788, "links_per_second": 8.75684149264819, "bytes_per_second": 2237127249.371963, "cpu_ms": 1944.549, "rss_mib": 1432.203125}
ra-s ms2 {"p50_ms": 112.7472233492881, "p95_ms": 126.59077998250723, "p99_ms": 128.80459986627102, "p999_ms": 128.80459986627102, "max_ms": 128.80459986627102, "links_per_second": 8.802851991498144, "bytes_per_second": 2248881640.5894866, "cpu_ms": 1962.5275, "rss_mib": 1433.96875}
ra-s h2 {"p50_ms": 113.88421850278974, "p95_ms": 120.82122499123216, "p99_ms": 124.66071080416441, "p999_ms": 124.66071080416441, "max_ms": 124.66071080416441, "links_per_second": 8.780945648002284, "bytes_per_second": 2243285184.605918, "cpu_ms": 1951.7455, "rss_mib": 1430.3671875}
