hello cr4 {"p50_ms": 4.041394684463739, "p95_ms": 4.552228841930628, "p99_ms": 4.599710926413536, "p999_ms": 4.599710926413536, "max_ms": 4.599710926413536, "links_per_second": 243.90454892687973, "bytes_per_second": 1972699.9917206033, "cpu_ms": 3.9435, "rss_mib": 17.23046875}
hello cr5 {"p50_ms": 4.034863552078605, "p95_ms": 4.486280027776957, "p99_ms": 4.697288852185011, "p999_ms": 4.697288852185011, "max_ms": 4.697288852185011, "links_per_second": 246.45828546989955, "bytes_per_second": 1993354.6128805475, "cpu_ms": 3.921, "rss_mib": 17.23046875}
hello s2 {"p50_ms": 3.879908937960863, "p95_ms": 4.412337206304073, "p99_ms": 4.700134042650461, "p999_ms": 4.700134042650461, "max_ms": 4.700134042650461, "links_per_second": 254.1236187987707, "bytes_per_second": 2055351.8288444574, "cpu_ms": 3.783, "rss_mib": 17.23046875}
hello baseline {"p50_ms": 4.067178349941969, "p95_ms": 4.371685907244682, "p99_ms": 4.548863973468542, "p999_ms": 4.548863973468542, "max_ms": 4.548863973468542, "links_per_second": 246.68882963940322, "bytes_per_second": 1995219.2541234933, "cpu_ms": 3.9065000000000003, "rss_mib": 17.23046875}
hello ms4 {"p50_ms": 4.032014403492212, "p95_ms": 4.4100540690124035, "p99_ms": 4.754385910928249, "p999_ms": 4.754385910928249, "max_ms": 4.754385910928249, "links_per_second": 246.39065326145976, "bytes_per_second": 1992807.6035786865, "cpu_ms": 3.8789999999999996, "rss_mib": 17.23046875}
hello cr1-v2 {"p50_ms": 4.065796034410596, "p95_ms": 4.543566145002842, "p99_ms": 5.040109623223543, "p999_ms": 5.040109623223543, "max_ms": 5.040109623223543, "links_per_second": 243.11665333878193, "bytes_per_second": 1966327.4922040685, "cpu_ms": 3.9779999999999998, "rss_mib": 17.23046875}
rhello cr4 {"p50_ms": 11.806945083662868, "p95_ms": 12.519181706011295, "p99_ms": 13.210259843617678, "p999_ms": 13.210259843617678, "max_ms": 13.210259843617678, "links_per_second": 84.43253467530864, "bytes_per_second": 381909969.0652979, "cpu_ms": 18.232, "rss_mib": 51.2578125}
rhello cr5 {"p50_ms": 11.775102000683546, "p95_ms": 12.39991094917059, "p99_ms": 12.405788991600275, "p999_ms": 12.405788991600275, "max_ms": 12.405788991600275, "links_per_second": 85.13314477921557, "bytes_per_second": 385079007.9214555, "cpu_ms": 18.201999999999998, "rss_mib": 48.5078125}
rhello s2 {"p50_ms": 11.57000521197915, "p95_ms": 12.206326704472303, "p99_ms": 12.257144320756197, "p999_ms": 12.257144320756197, "max_ms": 12.257144320756197, "links_per_second": 86.43528429882468, "bytes_per_second": 390968918.3163645, "cpu_ms": 17.9155, "rss_mib": 48.3125}
rhello baseline {"p50_ms": 11.654618894681334, "p95_ms": 13.333756942301989, "p99_ms": 46.54850997030735, "p999_ms": 46.54850997030735, "max_ms": 46.54850997030735, "links_per_second": 76.19371821739415, "bytes_per_second": 344643693.0891374, "cpu_ms": 18.032, "rss_mib": 47.6171875}
rhello ms4 {"p50_ms": 11.280941776931286, "p95_ms": 12.099193874746561, "p99_ms": 12.139394879341125, "p999_ms": 12.139394879341125, "max_ms": 12.139394879341125, "links_per_second": 88.19796344833972, "bytes_per_second": 398941967.3554833, "cpu_ms": 17.085499999999996, "rss_mib": 47.015625}
rhello cr1-v2 {"p50_ms": 11.637903982773423, "p95_ms": 12.123400811105967, "p99_ms": 12.75310618802905, "p999_ms": 12.75310618802905, "max_ms": 12.75310618802905, "links_per_second": 85.41106920075914, "bytes_per_second": 386336131.228749, "cpu_ms": 18.005, "rss_mib": 49.21875}
tblgen cr4 {"p50_ms": 18.482211511582136, "p95_ms": 19.250488374382257, "p99_ms": 19.887265283614397, "p999_ms": 19.887265283614397, "max_ms": 19.887265283614397, "links_per_second": 54.575865710834854, "bytes_per_second": 1443043084.9017386, "cpu_ms": 117.42249999999999, "rss_mib": 198.71484375}
tblgen cr5 {"p50_ms": 17.875850899145007, "p95_ms": 18.962210044264793, "p99_ms": 19.78589966893196, "p999_ms": 19.78589966893196, "max_ms": 19.78589966893196, "links_per_second": 55.81627571457479, "bytes_per_second": 1475840825.3503065, "cpu_ms": 114.68549999999999, "rss_mib": 182.75390625}
tblgen s2 {"p50_ms": 17.77887437492609, "p95_ms": 19.056072924286127, "p99_ms": 20.417368970811367, "p999_ms": 20.417368970811367, "max_ms": 20.417368970811367, "links_per_second": 55.85535403578846, "bytes_per_second": 1476874097.1172762, "cpu_ms": 116.216, "rss_mib": 182.8828125}
tblgen baseline {"p50_ms": 18.453163327649236, "p95_ms": 19.695302937179804, "p99_ms": 61.166818253695965, "p999_ms": 61.166818253695965, "max_ms": 61.166818253695965, "links_per_second": 49.94485896543476, "bytes_per_second": 1320594413.258291, "cpu_ms": 118.5365, "rss_mib": 182.84765625}
tblgen ms4 {"p50_ms": 19.32775997556746, "p95_ms": 20.163023378700018, "p99_ms": 20.278367679566145, "p999_ms": 20.278367679566145, "max_ms": 20.278367679566145, "links_per_second": 51.99470760867785, "bytes_per_second": 1374794559.6270163, "cpu_ms": 126.13550000000001, "rss_mib": 179.94921875}
tblgen cr1-v2 {"p50_ms": 17.90270209312439, "p95_ms": 18.87060096487403, "p99_ms": 19.051626324653625, "p999_ms": 19.051626324653625, "max_ms": 19.051626324653625, "links_per_second": 55.80350631561316, "bytes_per_second": 1475503189.0594308, "cpu_ms": 117.3245, "rss_mib": 185.29296875}
lld cr4 {"p50_ms": 205.19013074226677, "p95_ms": 207.55094289779663, "p99_ms": 209.08658392727375, "p999_ms": 209.08658392727375, "max_ms": 209.08658392727375, "links_per_second": 4.893232223830689, "bytes_per_second": 3201811228.17908, "cpu_ms": 5594.474499999999, "rss_mib": 2912.5234375}
lld cr5 {"p50_ms": 204.80761653743684, "p95_ms": 207.3270701803267, "p99_ms": 207.34343398362398, "p999_ms": 207.34343398362398, "max_ms": 207.34343398362398, "links_per_second": 4.909980173132838, "bytes_per_second": 3212769991.154489, "cpu_ms": 5364.0515000000005, "rss_mib": 2746.3828125}
lld s2 {"p50_ms": 206.18943381123245, "p95_ms": 211.8116091005504, "p99_ms": 213.14694406464696, "p999_ms": 213.14694406464696, "max_ms": 213.14694406464696, "links_per_second": 4.8409283894165505, "bytes_per_second": 3167587018.772377, "cpu_ms": 5325.366, "rss_mib": 2704.04296875}
lld baseline {"p50_ms": 202.42801401764154, "p95_ms": 205.14191407710314, "p99_ms": 207.45906233787537, "p999_ms": 207.45906233787537, "max_ms": 207.45906233787537, "links_per_second": 4.967770757411219, "bytes_per_second": 3250584370.926699, "cpu_ms": 5276.8565, "rss_mib": 2762.53125}
lld ms4 {"p50_ms": 214.51704832725227, "p95_ms": 218.14440796151757, "p99_ms": 219.48360186070204, "p999_ms": 219.48360186070204, "max_ms": 219.48360186070204, "links_per_second": 4.667967913477792, "bytes_per_second": 3054412992.165812, "cpu_ms": 5709.102, "rss_mib": 2673.5859375}
lld cr1-v2 {"p50_ms": 203.67329940199852, "p95_ms": 209.1378099285066, "p99_ms": 250.19163871183991, "p999_ms": 250.19163871183991, "max_ms": 250.19163871183991, "links_per_second": 4.886988718387116, "bytes_per_second": 3197725886.4421654, "cpu_ms": 5332.1225, "rss_mib": 2779.58203125}
clang cr4 {"p50_ms": 297.6781944744289, "p95_ms": 304.0971062146127, "p99_ms": 350.75491201132536, "p999_ms": 350.75491201132536, "max_ms": 350.75491201132536, "links_per_second": 3.355127446029055, "bytes_per_second": 3981300678.9416842, "cpu_ms": 8121.236, "rss_mib": 4940.69140625}
clang cr5 {"p50_ms": 289.5593629218638, "p95_ms": 299.0918061695993, "p99_ms": 299.96831621974707, "p999_ms": 299.96831621974707, "max_ms": 299.96831621974707, "links_per_second": 3.451177055838395, "bytes_per_second": 4095276193.403467, "cpu_ms": 7662.236, "rss_mib": 4734.671875}
clang s2 {"p50_ms": 294.9282869230956, "p95_ms": 303.7331528030336, "p99_ms": 303.806699346751, "p999_ms": 303.806699346751, "max_ms": 303.806699346751, "links_per_second": 3.384620775559896, "bytes_per_second": 4016298399.5273395, "cpu_ms": 7924.227, "rss_mib": 4671.48828125}
clang baseline {"p50_ms": 286.80505068041384, "p95_ms": 293.27608086168766, "p99_ms": 306.2275042757392, "p999_ms": 306.2275042757392, "max_ms": 306.2275042757392, "links_per_second": 3.4723544684378895, "bytes_per_second": 4120405983.1109743, "cpu_ms": 7800.847, "rss_mib": 4726.99609375}
clang ms4 {"p50_ms": 311.826758319512, "p95_ms": 318.0005419999361, "p99_ms": 325.18121507018805, "p999_ms": 325.18121507018805, "max_ms": 325.18121507018805, "links_per_second": 3.2195592356000016, "bytes_per_second": 3820431139.138389, "cpu_ms": 8109.5255, "rss_mib": 4662.8359375}
clang cr1-v2 {"p50_ms": 290.5465201474726, "p95_ms": 296.37262504547834, "p99_ms": 297.0157149247825, "p999_ms": 297.0157149247825, "max_ms": 297.0157149247825, "links_per_second": 3.451852314875582, "bytes_per_second": 4096077477.2016125, "cpu_ms": 7906.8735, "rss_mib": 4757.80859375}
clang-s cr4 {"p50_ms": 56.691054021939635, "p95_ms": 63.353701028972864, "p99_ms": 64.94015920907259, "p999_ms": 64.94015920907259, "max_ms": 64.94015920907259, "links_per_second": 17.351911927415753, "bytes_per_second": 2404720683.5186152, "cpu_ms": 1135.748, "rss_mib": 1380.9453125}
clang-s cr5 {"p50_ms": 59.41614066250622, "p95_ms": 64.90093003958464, "p99_ms": 69.29850298911333, "p999_ms": 69.29850298911333, "max_ms": 69.29850298911333, "links_per_second": 16.46820816627373, "bytes_per_second": 2282252293.786654, "cpu_ms": 1136.9465, "rss_mib": 1388.05859375}
clang-s s2 {"p50_ms": 55.82284205593169, "p95_ms": 67.11142510175705, "p99_ms": 68.13965504989028, "p999_ms": 68.13965504989028, "max_ms": 68.13965504989028, "links_per_second": 17.307387865910805, "bytes_per_second": 2398550301.1386747, "cpu_ms": 1133.375, "rss_mib": 1391.953125}
clang-s baseline {"p50_ms": 55.723425932228565, "p95_ms": 60.45424100011587, "p99_ms": 65.83472713828087, "p999_ms": 65.83472713828087, "max_ms": 65.83472713828087, "links_per_second": 17.685913163581898, "bytes_per_second": 2451008359.7291255, "cpu_ms": 1136.1254999999999, "rss_mib": 1389.02734375}
clang-s ms4 {"p50_ms": 58.46183164976537, "p95_ms": 65.03643468022346, "p99_ms": 65.42725767940283, "p999_ms": 65.42725767940283, "max_ms": 65.42725767940283, "links_per_second": 16.742048890315036, "bytes_per_second": 2320202604.729128, "cpu_ms": 1160.52, "rss_mib": 1383.32421875}
clang-s cr1-v2 {"p50_ms": 55.25223049335182, "p95_ms": 59.36267413198948, "p99_ms": 64.99715521931648, "p999_ms": 64.99715521931648, "max_ms": 64.99715521931648, "links_per_second": 17.792655124093066, "bytes_per_second": 2465801231.0458007, "cpu_ms": 1123.4875, "rss_mib": 1382.94921875}
ra cr4 {"p50_ms": 135.59092790819705, "p95_ms": 164.43645022809505, "p99_ms": 167.6603127270937, "p999_ms": 167.6603127270937, "max_ms": 167.6603127270937, "links_per_second": 7.258565704894684, "bytes_per_second": 3967833854.4917064, "cpu_ms": 2350.8849999999998, "rss_mib": 2051.15234375}
ra cr5 {"p50_ms": 140.8153111115098, "p95_ms": 164.61658291518688, "p99_ms": 166.4545531384647, "p999_ms": 166.4545531384647, "max_ms": 166.4545531384647, "links_per_second": 7.048999140687363, "bytes_per_second": 3853276055.879979, "cpu_ms": 2374.058, "rss_mib": 2037.90234375}
ra s2 {"p50_ms": 134.25348326563835, "p95_ms": 159.72665278241038, "p99_ms": 163.52752083912492, "p999_ms": 163.52752083912492, "max_ms": 163.52752083912492, "links_per_second": 7.359640738729322, "bytes_per_second": 4023085671.0899267, "cpu_ms": 2377.5985, "rss_mib": 2044.81640625}
ra baseline {"p50_ms": 130.91611815616488, "p95_ms": 159.46938283741474, "p99_ms": 160.68907314911485, "p999_ms": 160.68907314911485, "max_ms": 160.68907314911485, "links_per_second": 7.5483190215526665, "bytes_per_second": 4126225066.47888, "cpu_ms": 2401.5665, "rss_mib": 2037.99609375}
ra ms4 {"p50_ms": 138.8816216494888, "p95_ms": 173.109102062881, "p99_ms": 173.71585313230753, "p999_ms": 173.71585313230753, "max_ms": 173.71585313230753, "links_per_second": 6.945105061951067, "bytes_per_second": 3796483232.1113496, "cpu_ms": 2525.8555, "rss_mib": 1995.6328125}
ra cr1-v2 {"p50_ms": 134.1091536451131, "p95_ms": 143.10196181759238, "p99_ms": 157.84487733617425, "p999_ms": 157.84487733617425, "max_ms": 157.84487733617425, "links_per_second": 7.523097443166927, "bytes_per_second": 4112437902.9191194, "cpu_ms": 2401.0699999999997, "rss_mib": 2061.828125}
ra-s cr4 {"p50_ms": 114.43250509910285, "p95_ms": 127.27922573685646, "p99_ms": 151.252550072968, "p999_ms": 151.252550072968, "max_ms": 151.252550072968, "links_per_second": 8.677910303658908, "bytes_per_second": 2216962545.710089, "cpu_ms": 1942.8585, "rss_mib": 1440.31640625}
ra-s cr5 {"p50_ms": 117.24225408397615, "p95_ms": 127.61574797332287, "p99_ms": 160.54011369124055, "p999_ms": 160.54011369124055, "max_ms": 160.54011369124055, "links_per_second": 8.414816394890366, "bytes_per_second": 2149749435.487182, "cpu_ms": 1959.5894999999998, "rss_mib": 1445.29296875}
ra-s s2 {"p50_ms": 111.35058687068522, "p95_ms": 121.84248492121696, "p99_ms": 125.59251813217998, "p999_ms": 125.59251813217998, "max_ms": 125.59251813217998, "links_per_second": 8.931228794209208, "bytes_per_second": 2281678310.9155717, "cpu_ms": 1955.0529999999999, "rss_mib": 1434.06640625}
ra-s baseline {"p50_ms": 111.10695241950452, "p95_ms": 121.79519282653928, "p99_ms": 121.96768587455153, "p999_ms": 121.96768587455153, "max_ms": 121.96768587455153, "links_per_second": 8.913526327054075, "bytes_per_second": 2277155827.3594737, "cpu_ms": 1937.4410000000003, "rss_mib": 1431.109375}
ra-s ms4 {"p50_ms": 110.81042210571468, "p95_ms": 117.99453618004918, "p99_ms": 119.5752639323473, "p999_ms": 119.5752639323473, "max_ms": 119.5752639323473, "links_per_second": 8.94177281138558, "bytes_per_second": 2284372011.3968368, "cpu_ms": 1940.1039999999998, "rss_mib": 1429.66796875}
ra-s cr1-v2 {"p50_ms": 109.9504369776696, "p95_ms": 119.61971130222082, "p99_ms": 120.93546893447638, "p999_ms": 120.93546893447638, "max_ms": 120.93546893447638, "links_per_second": 8.983406290279877, "bytes_per_second": 2295008196.8523784, "cpu_ms": 1951.021, "rss_mib": 1427.89453125}
