hello baseline {"p50_ms": 4.1010878048837185, "p95_ms": 4.560059402137995, "p99_ms": 4.750458057969809, "p999_ms": 4.750458057969809, "max_ms": 4.750458057969809, "links_per_second": 243.779358966936, "bytes_per_second": 1971687.4553245786, "cpu_ms": 3.947, "rss_mib": 16.5390625}
hello ms3 {"p50_ms": 4.188932245597243, "p95_ms": 4.646780900657177, "p99_ms": 4.65344125404954, "p999_ms": 4.65344125404954, "max_ms": 4.65344125404954, "links_per_second": 238.58155690714327, "bytes_per_second": 1929647.6322649748, "cpu_ms": 4.023499999999999, "rss_mib": 16.53125}
hello cr3 {"p50_ms": 4.132555797696114, "p95_ms": 4.367787390947342, "p99_ms": 4.473356995731592, "p999_ms": 4.473356995731592, "max_ms": 4.473356995731592, "links_per_second": 243.50024694628098, "bytes_per_second": 1969429.9973015205, "cpu_ms": 3.9699999999999998, "rss_mib": 16.54296875}
rhello baseline {"p50_ms": 12.144568376243114, "p95_ms": 13.003020081669092, "p99_ms": 14.153175987303257, "p999_ms": 14.153175987303257, "max_ms": 14.153175987303257, "links_per_second": 82.6674100652409, "bytes_per_second": 373925858.5820613, "cpu_ms": 18.688999999999997, "rss_mib": 48.89453125}
rhello ms3 {"p50_ms": 12.01367937028408, "p95_ms": 13.626186177134514, "p99_ms": 15.230651013553143, "p999_ms": 15.230651013553143, "max_ms": 15.230651013553143, "links_per_second": 82.3839593507736, "bytes_per_second": 372643738.4371427, "cpu_ms": 18.612499999999997, "rss_mib": 53.58984375}
rhello cr3 {"p50_ms": 11.942886747419834, "p95_ms": 13.08740908280015, "p99_ms": 13.890197034925222, "p999_ms": 13.890197034925222, "max_ms": 13.890197034925222, "links_per_second": 82.26044359746435, "bytes_per_second": 372085045.0648922, "cpu_ms": 18.529999999999998, "rss_mib": 48.453125}
tblgen baseline {"p50_ms": 17.72625301964581, "p95_ms": 18.68875790387392, "p99_ms": 18.759917002171278, "p999_ms": 18.759917002171278, "max_ms": 18.759917002171278, "links_per_second": 56.02127918732501, "bytes_per_second": 1481261332.0134616, "cpu_ms": 111.73449999999998, "rss_mib": 181.5234375}
tblgen ms3 {"p50_ms": 18.71912437491119, "p95_ms": 20.004235208034515, "p99_ms": 20.211600232869387, "p999_ms": 20.211600232869387, "max_ms": 20.211600232869387, "links_per_second": 53.63597767765587, "bytes_per_second": 1418191460.3018274, "cpu_ms": 119.71699999999998, "rss_mib": 248.21875}
tblgen cr3 {"p50_ms": 18.516101175919175, "p95_ms": 19.40875081345439, "p99_ms": 19.436171744018793, "p999_ms": 19.436171744018793, "max_ms": 19.436171744018793, "links_per_second": 54.44268420068246, "bytes_per_second": 1439521626.1990864, "cpu_ms": 120.24949999999998, "rss_mib": 182.25390625}
lld baseline {"p50_ms": 201.35350851342082, "p95_ms": 207.3860070668161, "p99_ms": 209.30156204849482, "p999_ms": 209.30156204849482, "max_ms": 209.30156204849482, "links_per_second": 4.9978947238005045, "bytes_per_second": 3270295524.9064293, "cpu_ms": 4364.7029999999995, "rss_mib": 2759.390625}
lld ms3 {"p50_ms": 202.02198205515742, "p95_ms": 209.6835128031671, "p99_ms": 210.87513165548444, "p999_ms": 210.87513165548444, "max_ms": 210.87513165548444, "links_per_second": 4.972032228944808, "bytes_per_second": 3253372799.266225, "cpu_ms": 4276.039, "rss_mib": 3117.75390625}
lld cr3 {"p50_ms": 201.4786524232477, "p95_ms": 209.12880077958107, "p99_ms": 212.51556044444442, "p999_ms": 212.51556044444442, "max_ms": 212.51556044444442, "links_per_second": 4.957888039386388, "bytes_per_second": 3244117766.422885, "cpu_ms": 4457.471999999999, "rss_mib": 2761.16015625}
clang baseline {"p50_ms": 237.1283455286175, "p95_ms": 246.15261889994144, "p99_ms": 248.50751273334026, "p999_ms": 248.50751273334026, "max_ms": 248.50751273334026, "links_per_second": 4.203578539237681, "bytes_per_second": 4988099665.799325, "cpu_ms": 5996.131, "rss_mib": 4732.19140625}
clang ms3 {"p50_ms": 236.16706696338952, "p95_ms": 244.0897487103939, "p99_ms": 244.28969202563167, "p999_ms": 244.28969202563167, "max_ms": 244.28969202563167, "links_per_second": 4.235825004833844, "bytes_per_second": 5026364344.991592, "cpu_ms": 6134.014, "rss_mib": 5082.109375}
clang cr3 {"p50_ms": 234.28087518550456, "p95_ms": 244.01933187618852, "p99_ms": 246.10572773963213, "p999_ms": 246.10572773963213, "max_ms": 246.10572773963213, "links_per_second": 4.2659418059118765, "bytes_per_second": 5062101896.6966505, "cpu_ms": 6029.320000000001, "rss_mib": 4722.35546875}
clang-s baseline {"p50_ms": 57.82347545027733, "p95_ms": 70.94339793547988, "p99_ms": 71.20707910507917, "p999_ms": 71.20707910507917, "max_ms": 71.20707910507917, "links_per_second": 16.793132653578986, "bytes_per_second": 2327282065.633877, "cpu_ms": 1101.174, "rss_mib": 1397.625}
clang-s ms3 {"p50_ms": 57.80381499789655, "p95_ms": 65.8745770342648, "p99_ms": 69.16489033028483, "p999_ms": 69.16489033028483, "max_ms": 69.16489033028483, "links_per_second": 17.038824588424255, "bytes_per_second": 2361331366.942434, "cpu_ms": 1118.7160000000001, "rss_mib": 1403.03125}
clang-s cr3 {"p50_ms": 59.61812846362591, "p95_ms": 65.51170675083995, "p99_ms": 72.5624249316752, "p999_ms": 72.5624249316752, "max_ms": 72.5624249316752, "links_per_second": 16.719384959071032, "bytes_per_second": 2317061716.021285, "cpu_ms": 1095.3715, "rss_mib": 1384.8359375}
ra baseline {"p50_ms": 136.46014709956944, "p95_ms": 166.99373302981257, "p99_ms": 167.24448325112462, "p999_ms": 167.24448325112462, "max_ms": 167.24448325112462, "links_per_second": 7.1447782778994, "bytes_per_second": 3905632915.15972, "cpu_ms": 2324.2180000000003, "rss_mib": 2038.69140625}
ra ms3 {"p50_ms": 134.79562546126544, "p95_ms": 156.2809469178319, "p99_ms": 164.0345728956163, "p999_ms": 164.0345728956163, "max_ms": 164.0345728956163, "links_per_second": 7.2817035676287265, "bytes_per_second": 3980481972.427018, "cpu_ms": 2329.509, "rss_mib": 2090.0546875}
ra cr3 {"p50_ms": 136.15422253496945, "p95_ms": 160.07076809182763, "p99_ms": 162.5509220175445, "p999_ms": 162.5509220175445, "max_ms": 162.5509220175445, "links_per_second": 7.1613396538534895, "bytes_per_second": 3914686051.9444833, "cpu_ms": 2311.777, "rss_mib": 2030.05859375}
ra-s baseline {"p50_ms": 111.1844633705914, "p95_ms": 121.44644977524877, "p99_ms": 123.0320162139833, "p999_ms": 123.0320162139833, "max_ms": 123.0320162139833, "links_per_second": 8.887540179126553, "bytes_per_second": 2270517095.839247, "cpu_ms": 1976.878, "rss_mib": 1432.29296875}
ra-s ms3 {"p50_ms": 109.64818741194904, "p95_ms": 118.84173657745123, "p99_ms": 124.94607036933303, "p999_ms": 124.94607036933303, "max_ms": 124.94607036933303, "links_per_second": 8.971683238159939, "bytes_per_second": 2292013286.0314684, "cpu_ms": 1994.723, "rss_mib": 1439.37109375}
ra-s cr3 {"p50_ms": 112.5978531781584, "p95_ms": 119.74741099402308, "p99_ms": 120.01282395794988, "p999_ms": 120.01282395794988, "max_ms": 120.01282395794988, "links_per_second": 8.862341677481679, "bytes_per_second": 2264079585.839732, "cpu_ms": 1972.515, "rss_mib": 1436.31640625}
