hello p1 {"p50_ms": 3.680873429402709, "p95_ms": 4.110135138034821, "p99_ms": 4.2235660366714, "p999_ms": 4.2235660366714, "max_ms": 4.2235660366714, "links_per_second": 271.03278719740746, "bytes_per_second": 2192113.1828526314, "cpu_ms": 3.549, "rss_mib": 15.2109375}
hello baseline {"p50_ms": 4.070925526320934, "p95_ms": 4.300143104046583, "p99_ms": 4.382878076285124, "p999_ms": 4.382878076285124, "max_ms": 4.382878076285124, "links_per_second": 246.5597550679514, "bytes_per_second": 1994175.298989591, "cpu_ms": 3.9395000000000002, "rss_mib": 16.5234375}
hello k1 {"p50_ms": 4.0448911022394896, "p95_ms": 4.185609053820372, "p99_ms": 4.451541695743799, "p999_ms": 4.451541695743799, "max_ms": 4.451541695743799, "links_per_second": 250.60913728844568, "bytes_per_second": 2026926.7023889488, "cpu_ms": 3.908, "rss_mib": 16.51171875}
hello h1-clean {"p50_ms": 3.9269013796001673, "p95_ms": 4.222184885293245, "p99_ms": 4.232320003211498, "p999_ms": 4.232320003211498, "max_ms": 4.232320003211498, "links_per_second": 257.7384086156335, "bytes_per_second": 2084588.2488832437, "cpu_ms": 3.7999999999999994, "rss_mib": 16.52734375}
rhello p1 {"p50_ms": 12.50147307291627, "p95_ms": 13.28163780272007, "p99_ms": 13.465164694935083, "p999_ms": 13.465164694935083, "max_ms": 13.465164694935083, "links_per_second": 79.79223842818263, "bytes_per_second": 360920721.2237076, "cpu_ms": 19.352999999999998, "rss_mib": 48.19140625}
rhello baseline {"p50_ms": 12.868760386481881, "p95_ms": 13.60264327377081, "p99_ms": 17.384851817041636, "p999_ms": 17.384851817041636, "max_ms": 17.384851817041636, "links_per_second": 78.05160525214251, "bytes_per_second": 353047391.76638514, "cpu_ms": 20.165, "rss_mib": 48.1953125}
rhello k1 {"p50_ms": 12.068226234987378, "p95_ms": 13.257660903036594, "p99_ms": 13.301927596330643, "p999_ms": 13.301927596330643, "max_ms": 13.301927596330643, "links_per_second": 82.22076701523513, "bytes_per_second": 371905577.72626436, "cpu_ms": 18.322, "rss_mib": 47.98828125}
rhello h1-clean {"p50_ms": 12.714421842247248, "p95_ms": 13.711699284613132, "p99_ms": 14.402307104319334, "p999_ms": 14.402307104319334, "max_ms": 14.402307104319334, "links_per_second": 79.59156367290882, "bytes_per_second": 360013017.9328668, "cpu_ms": 19.882499999999997, "rss_mib": 48.03515625}
tblgen p1 {"p50_ms": 21.559528773650527, "p95_ms": 22.531828843057156, "p99_ms": 22.991306148469448, "p999_ms": 22.991306148469448, "max_ms": 22.991306148469448, "links_per_second": 46.37946204451895, "bytes_per_second": 1226321582.1333039, "cpu_ms": 153.326, "rss_mib": 181.48828125}
tblgen baseline {"p50_ms": 21.507445024326444, "p95_ms": 22.88680709898472, "p99_ms": 23.784348741173744, "p999_ms": 23.784348741173744, "max_ms": 23.784348741173744, "links_per_second": 46.90277906733343, "bytes_per_second": 1240158632.6527584, "cpu_ms": 153.79, "rss_mib": 183.0}
tblgen k1 {"p50_ms": 20.37016488611698, "p95_ms": 21.255081985145807, "p99_ms": 21.52329869568348, "p999_ms": 21.52329869568348, "max_ms": 21.52329869568348, "links_per_second": 49.19293836578507, "bytes_per_second": 1300712844.5907645, "cpu_ms": 118.68950000000001, "rss_mib": 181.984375}
tblgen h1-clean {"p50_ms": 20.988442469388247, "p95_ms": 22.49527396634221, "p99_ms": 22.78429176658392, "p999_ms": 22.78429176658392, "max_ms": 22.78429176658392, "links_per_second": 47.44790077210686, "bytes_per_second": 1254572221.8145146, "cpu_ms": 149.51749999999998, "rss_mib": 180.92578125}
lld p1 {"p50_ms": 97.43750467896461, "p95_ms": 108.4704720415175, "p99_ms": 113.93890623003244, "p999_ms": 113.93890623003244, "max_ms": 113.93890623003244, "links_per_second": 10.113906119594478, "bytes_per_second": 6617878877.024903, "cpu_ms": 2030.9654999999998, "rss_mib": 2749.5546875}
lld baseline {"p50_ms": 99.15019408799708, "p95_ms": 125.26522763073444, "p99_ms": 127.37133167684078, "p999_ms": 127.37133167684078, "max_ms": 127.37133167684078, "links_per_second": 9.795070209596664, "bytes_per_second": 6409253504.289473, "cpu_ms": 1997.0279999999998, "rss_mib": 2751.5703125}
lld k1 {"p50_ms": 153.97412166930735, "p95_ms": 166.20407905429602, "p99_ms": 170.6375339999795, "p999_ms": 170.6375339999795, "max_ms": 170.6375339999795, "links_per_second": 6.437640751705607, "bytes_per_second": 4212371189.21324, "cpu_ms": 1790.8919999999998, "rss_mib": 2754.4296875}
lld h1-clean {"p50_ms": 98.8488516304642, "p95_ms": 108.14735060557723, "p99_ms": 109.16770901530981, "p999_ms": 109.16770901530981, "max_ms": 109.16770901530981, "links_per_second": 10.084976366752175, "bytes_per_second": 6598949138.307859, "cpu_ms": 1979.2934999999998, "rss_mib": 2746.0}
clang p1 {"p50_ms": 160.13721958734095, "p95_ms": 204.80797300115228, "p99_ms": 222.23037108778954, "p999_ms": 222.23037108778954, "max_ms": 222.23037108778954, "links_per_second": 6.148410308572503, "bytes_per_second": 7295898748.914403, "cpu_ms": 3127.828, "rss_mib": 4732.1328125}
clang baseline {"p50_ms": 155.84689076058567, "p95_ms": 180.39738293737173, "p99_ms": 199.34414187446237, "p999_ms": 199.34414187446237, "max_ms": 199.34414187446237, "links_per_second": 6.369323639787111, "bytes_per_second": 7558041516.871829, "cpu_ms": 3100.88, "rss_mib": 4724.390625}
clang k1 {"p50_ms": 260.5960329528898, "p95_ms": 304.9316727556288, "p99_ms": 307.95214511454105, "p999_ms": 307.95214511454105, "max_ms": 307.95214511454105, "links_per_second": 3.8084780082642062, "bytes_per_second": 4519260839.996553, "cpu_ms": 2875.9490000000005, "rss_mib": 4736.19921875}
clang h1-clean {"p50_ms": 157.35729224979877, "p95_ms": 188.8311761431396, "p99_ms": 191.28813175484538, "p999_ms": 191.28813175484538, "max_ms": 191.28813175484538, "links_per_second": 6.401432199630159, "bytes_per_second": 7596142552.721977, "cpu_ms": 3070.5119999999997, "rss_mib": 4729.0078125}
clang-s p1 {"p50_ms": 65.78316516242921, "p95_ms": 93.3896079659462, "p99_ms": 96.68428683653474, "p999_ms": 96.68428683653474, "max_ms": 96.68428683653474, "links_per_second": 14.524281469891438, "bytes_per_second": 2012852543.8577306, "cpu_ms": 1173.2955, "rss_mib": 1377.39453125}
clang-s baseline {"p50_ms": 66.31472148001194, "p95_ms": 95.74394999071956, "p99_ms": 103.04542584344745, "p999_ms": 103.04542584344745, "max_ms": 103.04542584344745, "links_per_second": 14.511197012013781, "bytes_per_second": 2011039229.761702, "cpu_ms": 1191.5174999999997, "rss_mib": 1386.37890625}
clang-s k1 {"p50_ms": 75.44087618589401, "p95_ms": 85.24849778041244, "p99_ms": 95.9346299059689, "p999_ms": 95.9346299059689, "max_ms": 95.9346299059689, "links_per_second": 12.937094422013752, "bytes_per_second": 1792891680.835257, "cpu_ms": 1086.0555000000002, "rss_mib": 1385.515625}
clang-s h1-clean {"p50_ms": 65.82016195170581, "p95_ms": 90.62160970643163, "p99_ms": 102.74687269702554, "p999_ms": 102.74687269702554, "max_ms": 102.74687269702554, "links_per_second": 14.497399242409314, "bytes_per_second": 2009127061.1146343, "cpu_ms": 1174.0675, "rss_mib": 1381.78515625}
ra p1 {"p50_ms": 180.86108844727278, "p95_ms": 235.1604518480599, "p99_ms": 295.5081472173333, "p999_ms": 295.5081472173333, "max_ms": 295.5081472173333, "links_per_second": 5.269774145791743, "bytes_per_second": 2880677686.3778453, "cpu_ms": 2413.6565, "rss_mib": 2039.4296875}
ra baseline {"p50_ms": 184.75645151920617, "p95_ms": 211.2369011156261, "p99_ms": 211.68212685734034, "p999_ms": 211.68212685734034, "max_ms": 211.68212685734034, "links_per_second": 5.441442792553032, "bytes_per_second": 2974518907.366573, "cpu_ms": 2417.834, "rss_mib": 2040.6875}
ra k1 {"p50_ms": 223.44242548570037, "p95_ms": 306.1909726820886, "p99_ms": 323.48003005608916, "p999_ms": 323.48003005608916, "max_ms": 323.48003005608916, "links_per_second": 4.231008323275778, "bytes_per_second": 2312845091.7526555, "cpu_ms": 2326.4815, "rss_mib": 2031.81640625}
ra h1-clean {"p50_ms": 189.97089215554297, "p95_ms": 312.10292084142566, "p99_ms": 368.43359284102917, "p999_ms": 368.43359284102917, "max_ms": 368.43359284102917, "links_per_second": 4.963779488234242, "bytes_per_second": 2713408282.075075, "cpu_ms": 2447.6335000000004, "rss_mib": 2039.76953125}
ra-s p1 {"p50_ms": 129.90301242098212, "p95_ms": 144.5517740212381, "p99_ms": 146.0103178396821, "p999_ms": 146.0103178396821, "max_ms": 146.0103178396821, "links_per_second": 7.595773973757924, "bytes_per_second": 1940507082.4943502, "cpu_ms": 2027.119, "rss_mib": 1435.1640625}
ra-s baseline {"p50_ms": 129.9025360494852, "p95_ms": 143.67499388754368, "p99_ms": 145.99798759445548, "p999_ms": 145.99798759445548, "max_ms": 145.99798759445548, "links_per_second": 7.633670180234777, "bytes_per_second": 1950188499.7300475, "cpu_ms": 2059.6385, "rss_mib": 1435.86328125}
ra-s k1 {"p50_ms": 145.0005006045103, "p95_ms": 156.33794432505965, "p99_ms": 159.27312709391117, "p999_ms": 159.27312709391117, "max_ms": 159.27312709391117, "links_per_second": 6.816792163829136, "bytes_per_second": 1741499091.4030585, "cpu_ms": 1916.492, "rss_mib": 1432.3984375}
ra-s h1-clean {"p50_ms": 134.1036851517856, "p95_ms": 145.35447163507342, "p99_ms": 146.457654889673, "p999_ms": 146.457654889673, "max_ms": 146.457654889673, "links_per_second": 7.451705263393037, "bytes_per_second": 1903701570.140409, "cpu_ms": 2021.629, "rss_mib": 1435.73046875}
