     num_unique_cies=1
            num_dsos=8
       output_chunks=57
            num_cies=1472
            num_objs=1485
         parsed_objs=2370
            dso_syms=13462
      unique_comdats=35576
  removed_comdat_mem=49626
             comdats=64178
            num_fdes=77138
    regular_sections=113983
        defined_syms=200444
      undefined_syms=218673
      input_sections=314355
            all_syms=440396
         reloc_alloc=1027803
      merged_strings=1356266
    string_fragments=9374968
      reloc_nonalloc=11377506
   local_merge_bytes=461804960
   total_input_bytes=2926632229
.comment estimation=1627 actual=4
.rodata.cst4 estimation=1659 actual=60
.rodata.cst16 estimation=3054 actual=2178
.rodata.str1.1 estimation=60502 actual=56264
.debug_str estimation=1446802 actual=1292587
.debug_line_str estimation=5589 actual=4946
.rodata.cst8 estimation=1675 actual=89
.rodata.str1.16 estimation=1632 actual=12
.rodata.cst32 estimation=1691 actual=118
.rodata.str4.4 estimation=1627 actual=4
.rodata.str4.16 estimation=1627 actual=2
.rodata.str2.2 estimation=1627 actual=2
S2_WORKERS 32
S2_ASSIGN [[0, 0, 1886, 94, 47], [0, 4, 14431643, 323535, 155], [0, 5, 171310, 7552, 104], [1, 0, 1880, 94, 47], [1, 4, 14433548, 223010, 38], [1, 5, 171372, 6748, 64], [2, 0, 1880, 94, 47], [2, 4, 14285535, 225298, 45], [2, 5, 171904, 6617, 50], [3, 0, 1880, 94, 47], [3, 4, 14350250, 596311, 34], [3, 5, 172158, 6281, 48], [4, 0, 1880, 94, 47], [4, 4, 14954282, 615597, 31], [4, 5, 169446, 5370, 34], [5, 0, 1880, 94, 47], [5, 4, 14343568, 585427, 46], [5, 5, 169240, 5522, 43], [6, 0, 1840, 92, 46], [6, 4, 14346036, 494714, 38], [6, 5, 172215, 5576, 37], [7, 0, 1840, 92, 46], [7, 4, 14342774, 265581, 45], [7, 5, 171674, 5576, 38], [8, 0, 1840, 92, 46], [8, 4, 14311677, 328218, 39], [8, 5, 170223, 5393, 39], [9, 0, 1840, 92, 46], [9, 4, 15679446, 179531, 20], [9, 5, 175046, 5332, 38], [10, 0, 1840, 92, 46], [10, 4, 14291932, 269963, 49], [10, 5, 171550, 5789, 41], [11, 0, 1840, 92, 46], [11, 4, 14246286, 262729, 52], [11, 5, 169787, 5755, 42], [12, 0, 1840, 92, 46], [12, 4, 14259169, 231942, 38], [12, 5, 171828, 5752, 40], [13, 0, 1840, 92, 46], [13, 4, 14547758, 271275, 52], [13, 5, 168294, 5705, 39], [14, 0, 1840, 92, 46], [14, 4, 14111873, 267896, 49], [14, 5, 173897, 5841, 41], [15, 0, 1840, 92, 46], [15, 4, 15109803, 224748, 24], [15, 5, 169409, 5554, 40], [16, 0, 1840, 92, 46], [16, 4, 14376120, 164526, 14], [16, 5, 169462, 5433, 33], [17, 0, 1840, 92, 46], [17, 4, 14160953, 241980, 26], [17, 5, 169430, 5369, 32], [18, 0, 1840, 92, 46], [18, 4, 14693843, 208126, 16], [18, 5, 169014, 5265, 30], [19, 0, 1840, 92, 46], [19, 4, 14198368, 216767, 25], [19, 5, 174262, 5482, 33], [20, 0, 1840, 92, 46], [20, 4, 14017559, 224364, 29], [20, 5, 167534, 5369, 33], [21, 0, 1840, 92, 46], [21, 4, 14277091, 230498, 29], [21, 5, 168165, 5344, 36], [22, 0, 1840, 92, 46], [22, 4, 14508409, 260121, 35], [22, 5, 168735, 5525, 39], [23, 0, 1840, 92, 46], [23, 4, 13953830, 251094, 46], [23, 5, 167642, 5627, 40], [24, 0, 1840, 92, 46], [24, 4, 14000660, 222943, 36], [24, 5, 169883, 5849, 45], [25, 0, 1840, 92, 46], [25, 4, 14109220, 234673, 49], [25, 5, 168518, 5845, 45], [26, 0, 1840, 92, 46], [26, 4, 13794626, 214694, 40], [26, 5, 166832, 6431, 62], [27, 0, 1840, 92, 46], [27, 4, 13741163, 253053, 83], [27, 5, 166882, 6178, 67], [28, 0, 1840, 92, 46], [28, 4, 13754490, 253521, 78], [28, 5, 165261, 6387, 63], [29, 0, 1840, 92, 46], [29, 4, 14847369, 310200, 114], [29, 5, 166149, 6414, 72], [30, 0, 1840, 92, 46], [30, 4, 13115988, 232309, 41], [30, 5, 165511, 5814, 51], [31, 0, 1806, 90, 45], [31, 4, 12725871, 221108, 59], [31, 5, 162095, 6065, 60]]
