      unique_comdats=1
     num_unique_cies=2
            num_dsos=4
       output_chunks=53
             comdats=3284
            dso_syms=4912
            num_objs=5672
  removed_comdat_mem=6566
         parsed_objs=6737
            num_cies=8691
            num_fdes=297663
    regular_sections=590468
        defined_syms=677315
      undefined_syms=757735
      merged_strings=845620
      input_sections=1007794
    string_fragments=1171402
            all_syms=1406253
         reloc_alloc=1511706
      reloc_nonalloc=4170121
   local_merge_bytes=234729214
   total_input_bytes=2148820666
.comment estimation=1627 actual=4
.rodata.cst4 estimation=2388 actual=1250
.debug_str estimation=926972 actual=837892
.rodata.str1.1 estimation=4152 actual=3514
.rodata.cst8 estimation=2183 actual=963
.rodata.cst16 estimation=2632 actual=1591
.rodata.str1.2 estimation=1696 actual=136
.rodata.cst32 estimation=1773 actual=269
.rodata.str1.8 estimation=1626 actual=1
S2_WORKERS 32
S2_ASSIGN [[0, 0, 8011, 356, 178], [0, 2, 7328242, 4313, 109], [1, 0, 8010, 356, 178], [1, 2, 7330133, 27239, 73], [2, 0, 8010, 356, 178], [2, 2, 7474226, 39178, 77], [3, 0, 8010, 356, 178], [3, 2, 7974412, 36396, 97], [4, 0, 7965, 354, 177], [4, 2, 7510389, 58461, 68], [5, 0, 7965, 354, 177], [5, 2, 7436848, 57281, 423], [6, 0, 7965, 354, 177], [6, 2, 7733275, 53182, 367], [7, 0, 7965, 354, 177], [7, 2, 7789020, 38501, 201], [8, 0, 7965, 354, 177], [8, 2, 7315028, 38902, 541], [9, 0, 7965, 354, 177], [9, 2, 7304274, 41791, 186], [10, 0, 7965, 354, 177], [10, 2, 7319106, 33103, 112], [11, 0, 7965, 354, 177], [11, 2, 7523339, 31649, 121], [12, 0, 7965, 354, 177], [12, 2, 9789171, 25767, 26], [13, 0, 7965, 354, 177], [13, 2, 7457077, 39691, 209], [14, 0, 7965, 354, 177], [14, 2, 7066527, 38209, 374], [15, 0, 7965, 354, 177], [15, 2, 7372713, 25815, 180], [16, 0, 7965, 354, 177], [16, 2, 7094279, 26444, 50], [17, 0, 7965, 354, 177], [17, 2, 7501460, 35088, 57], [18, 0, 7965, 354, 177], [18, 2, 7030021, 18396, 18], [19, 0, 7965, 354, 177], [19, 2, 7269769, 21981, 35], [20, 0, 7965, 354, 177], [20, 2, 13515978, 23878, 19], [21, 0, 7965, 354, 177], [21, 2, 8111725, 30519, 19], [22, 0, 7965, 354, 177], [22, 2, 9533399, 30882, 18], [23, 0, 7965, 354, 177], [23, 2, 5939689, 34620, 71], [24, 0, 7965, 354, 177], [24, 2, 7196552, 41865, 108], [25, 0, 7965, 354, 177], [25, 2, 7160919, 33719, 69], [26, 0, 7965, 354, 177], [26, 2, 6538920, 27306, 45], [27, 0, 7965, 354, 177], [27, 2, 5177118, 29371, 177], [28, 0, 7965, 354, 177], [28, 2, 5207517, 48463, 686], [29, 0, 7965, 354, 177], [29, 2, 5394463, 50524, 460], [30, 0, 7965, 354, 177], [30, 2, 5203001, 42884, 504], [31, 0, 7921, 352, 176], [31, 2, 4875607, 53413, 155]]
