hello original-startup {"p50_ms": 6.9227509666234255, "p95_ms": 7.27137504145503, "p99_ms": 8.05202778428793, "p999_ms": 8.05202778428793, "max_ms": 8.05202778428793, "links_per_second": 143.92211295475775, "bytes_per_second": 1184766.8338435658, "cpu_ms": 86.62149999999998, "rss_mib": 36.87890625}
hello rayon-startup {"p50_ms": 6.836675340309739, "p95_ms": 7.1623302064836025, "p99_ms": 8.181103970855474, "p999_ms": 8.181103970855474, "max_ms": 8.181103970855474, "links_per_second": 146.75824879384473, "bytes_per_second": 1208113.9040709299, "cpu_ms": 84.291, "rss_mib": 36.71484375}
hello base {"p50_ms": 7.746880408376455, "p95_ms": 8.301926776766777, "p99_ms": 8.404943626374006, "p999_ms": 8.404943626374006, "max_ms": 8.404943626374006, "links_per_second": 128.21150346189665, "bytes_per_second": 1055437.0964983332, "cpu_ms": 92.19800000000001, "rss_mib": 42.9453125}
hello original-idle {"p50_ms": 6.807270692661405, "p95_ms": 7.44890421628952, "p99_ms": 7.53377191722393, "p999_ms": 7.53377191722393, "max_ms": 7.53377191722393, "links_per_second": 145.3886563216857, "bytes_per_second": 1196839.4188401166, "cpu_ms": 98.637, "rss_mib": 42.84375}
hello rayon-idle {"p50_ms": 6.797140929847956, "p95_ms": 7.238975260406733, "p99_ms": 8.747733198106289, "p999_ms": 8.747733198106289, "max_ms": 8.747733198106289, "links_per_second": 144.95260442360512, "bytes_per_second": 1193249.8396151175, "cpu_ms": 100.655, "rss_mib": 44.921875}
rhello original-startup {"p50_ms": 13.44773406162858, "p95_ms": 14.693888369947672, "p99_ms": 14.784845989197493, "p999_ms": 14.784845989197493, "max_ms": 14.784845989197493, "links_per_second": 73.29169186229963, "bytes_per_second": 331527638.9699261, "cpu_ms": 194.0005, "rss_mib": 99.56640625}
rhello rayon-startup {"p50_ms": 13.763778610154986, "p95_ms": 14.609651174396276, "p99_ms": 14.882274903357029, "p999_ms": 14.882274903357029, "max_ms": 14.882274903357029, "links_per_second": 73.01848737962571, "bytes_per_second": 330291825.8129989, "cpu_ms": 195.317, "rss_mib": 99.375}
rhello base {"p50_ms": 14.169418718665838, "p95_ms": 15.720004681497812, "p99_ms": 16.279461793601513, "p999_ms": 16.279461793601513, "max_ms": 16.279461793601513, "links_per_second": 69.27634800894046, "bytes_per_second": 313364632.5836413, "cpu_ms": 203.48499999999999, "rss_mib": 103.54296875}
rhello original-idle {"p50_ms": 13.058293843641877, "p95_ms": 13.977242168039083, "p99_ms": 18.989702221006155, "p999_ms": 18.989702221006155, "max_ms": 18.989702221006155, "links_per_second": 75.33485708348286, "bytes_per_second": 340769692.53142637, "cpu_ms": 258.82149999999996, "rss_mib": 101.62890625}
rhello rayon-idle {"p50_ms": 13.173353159800172, "p95_ms": 15.488433185964823, "p99_ms": 16.8338930234313, "p999_ms": 16.8338930234313, "max_ms": 16.8338930234313, "links_per_second": 74.60816586860871, "bytes_per_second": 337482577.4900646, "cpu_ms": 274.3015, "rss_mib": 102.53515625}
tblgen original-startup {"p50_ms": 17.46714860200882, "p95_ms": 18.722006119787693, "p99_ms": 19.384260289371014, "p999_ms": 19.384260289371014, "max_ms": 19.384260289371014, "links_per_second": 57.0566009338046, "bytes_per_second": 1508644996.6109142, "cpu_ms": 272.474, "rss_mib": 239.8125}
tblgen rayon-startup {"p50_ms": 17.593655502423644, "p95_ms": 18.615765031427145, "p99_ms": 19.41406587138772, "p999_ms": 19.41406587138772, "max_ms": 19.41406587138772, "links_per_second": 56.75069331673972, "bytes_per_second": 1500556432.1265783, "cpu_ms": 276.37449999999995, "rss_mib": 240.0390625}
tblgen base {"p50_ms": 18.17808602936566, "p95_ms": 19.538153894245625, "p99_ms": 20.589958876371384, "p999_ms": 20.589958876371384, "max_ms": 20.589958876371384, "links_per_second": 55.031338048689186, "bytes_per_second": 1455094615.6130006, "cpu_ms": 276.999, "rss_mib": 243.76953125}
tblgen original-idle {"p50_ms": 16.329217702150345, "p95_ms": 18.892134074121714, "p99_ms": 19.665386993438005, "p999_ms": 19.665386993438005, "max_ms": 19.665386993438005, "links_per_second": 60.23744094210404, "bytes_per_second": 1592750223.4383612, "cpu_ms": 350.30249999999995, "rss_mib": 240.61328125}
tblgen rayon-idle {"p50_ms": 16.268972074612975, "p95_ms": 17.3387392424047, "p99_ms": 17.64851901680231, "p999_ms": 17.64851901680231, "max_ms": 17.64851901680231, "links_per_second": 61.50791919308162, "bytes_per_second": 1626343192.9681098, "cpu_ms": 354.52649999999994, "rss_mib": 243.3671875}
lld original-startup {"p50_ms": 78.94233684055507, "p95_ms": 92.11250022053719, "p99_ms": 95.63062386587262, "p999_ms": 95.63062386587262, "max_ms": 95.63062386587262, "links_per_second": 12.359544830330647, "bytes_per_second": 8087279899.140003, "cpu_ms": 1744.3385, "rss_mib": 2824.7109375}
lld rayon-startup {"p50_ms": 80.52108506672084, "p95_ms": 92.88218710571527, "p99_ms": 97.66797395423055, "p999_ms": 97.66797395423055, "max_ms": 97.66797395423055, "links_per_second": 12.197267028755249, "bytes_per_second": 7981095891.494616, "cpu_ms": 1757.9579999999999, "rss_mib": 2811.515625}
lld base {"p50_ms": 81.49720053188503, "p95_ms": 95.44171812012792, "p99_ms": 97.36393159255385, "p999_ms": 97.36393159255385, "max_ms": 97.36393159255385, "links_per_second": 11.890051593282555, "bytes_per_second": 7780074150.798571, "cpu_ms": 1739.5265, "rss_mib": 2810.9375}
lld original-idle {"p50_ms": 78.61023838631809, "p95_ms": 89.51119566336274, "p99_ms": 92.34776673838496, "p999_ms": 92.34776673838496, "max_ms": 92.34776673838496, "links_per_second": 12.501519440275485, "bytes_per_second": 8180178822.60015, "cpu_ms": 1944.969, "rss_mib": 2818.9140625}
lld rayon-idle {"p50_ms": 76.20227243751287, "p95_ms": 85.71877609938383, "p99_ms": 89.80319928377867, "p999_ms": 89.80319928377867, "max_ms": 89.80319928377867, "links_per_second": 12.806646781275491, "bytes_per_second": 8379834250.483846, "cpu_ms": 1962.221, "rss_mib": 2822.578125}
clang original-startup {"p50_ms": 125.9327782317996, "p95_ms": 139.07848997041583, "p99_ms": 142.42574525997043, "p999_ms": 142.42574525997043, "max_ms": 142.42574525997043, "links_per_second": 7.969182751212802, "bytes_per_second": 9456486310.13522, "cpu_ms": 2753.0055, "rss_mib": 4800.83984375}
clang rayon-startup {"p50_ms": 128.16551350988448, "p95_ms": 140.3454509563744, "p99_ms": 146.51002688333392, "p999_ms": 146.51002688333392, "max_ms": 146.51002688333392, "links_per_second": 7.7281577656816385, "bytes_per_second": 9170478378.427402, "cpu_ms": 2723.537, "rss_mib": 4799.546875}
clang base {"p50_ms": 131.05216552503407, "p95_ms": 142.53366785123944, "p99_ms": 143.1389362551272, "p999_ms": 143.1389362551272, "max_ms": 143.1389362551272, "links_per_second": 7.614598859524815, "bytes_per_second": 9035725760.123787, "cpu_ms": 2724.495, "rss_mib": 4799.27734375}
clang original-idle {"p50_ms": 122.24735063500702, "p95_ms": 130.20794093608856, "p99_ms": 135.6291389092803, "p999_ms": 135.6291389092803, "max_ms": 135.6291389092803, "links_per_second": 8.196539674466566, "bytes_per_second": 9726275283.406849, "cpu_ms": 3026.2149999999997, "rss_mib": 4793.48046875}
clang rayon-idle {"p50_ms": 121.74426740966737, "p95_ms": 133.04483192041516, "p99_ms": 153.52640533819795, "p999_ms": 153.52640533819795, "max_ms": 153.52640533819795, "links_per_second": 8.150485389618794, "bytes_per_second": 9671625800.795883, "cpu_ms": 3050.0769999999998, "rss_mib": 4799.88671875}
clang-s original-startup {"p50_ms": 57.08939302712679, "p95_ms": 61.94757390767336, "p99_ms": 70.63906267285347, "p999_ms": 70.63906267285347, "max_ms": 70.63906267285347, "links_per_second": 17.414059106956753, "bytes_per_second": 2413336018.7109184, "cpu_ms": 1101.012, "rss_mib": 1405.08203125}
clang-s rayon-startup {"p50_ms": 56.93569569848478, "p95_ms": 63.14964732155204, "p99_ms": 66.58494612202048, "p999_ms": 66.58494612202048, "max_ms": 66.58494612202048, "links_per_second": 17.374735614685232, "bytes_per_second": 2407886353.030018, "cpu_ms": 1111.0024999999998, "rss_mib": 1410.57421875}
clang-s base {"p50_ms": 57.845765026286244, "p95_ms": 66.46224018186331, "p99_ms": 68.8455430790782, "p999_ms": 68.8455430790782, "max_ms": 68.8455430790782, "links_per_second": 17.056038246061995, "bytes_per_second": 2363719520.1254716, "cpu_ms": 1099.113, "rss_mib": 1400.87109375}
clang-s original-idle {"p50_ms": 54.29008393548429, "p95_ms": 56.57281540334225, "p99_ms": 56.66213110089302, "p999_ms": 56.66213110089302, "max_ms": 56.66213110089302, "links_per_second": 18.436296060793058, "bytes_per_second": 2555003233.987852, "cpu_ms": 1343.8965, "rss_mib": 1406.046875}
clang-s rayon-idle {"p50_ms": 53.84193453937769, "p95_ms": 55.93494791537523, "p99_ms": 59.775250032544136, "p999_ms": 59.775250032544136, "max_ms": 59.775250032544136, "links_per_second": 18.59271011613786, "bytes_per_second": 2576679953.429183, "cpu_ms": 1342.604, "rss_mib": 1407.46484375}
ra original-startup {"p50_ms": 128.96802555769682, "p95_ms": 143.45491491258144, "p99_ms": 157.0668132044375, "p999_ms": 157.0668132044375, "max_ms": 157.0668132044375, "links_per_second": 7.609577030566684, "bytes_per_second": 4159712337.338081, "cpu_ms": 2391.143, "rss_mib": 2004.0078125}
ra rayon-startup {"p50_ms": 130.73756848461926, "p95_ms": 147.44717767462134, "p99_ms": 154.4679026119411, "p999_ms": 154.4679026119411, "max_ms": 154.4679026119411, "links_per_second": 7.5496421490887595, "bytes_per_second": 4126949430.159513, "cpu_ms": 2396.1835, "rss_mib": 2008.515625}
ra base {"p50_ms": 130.63802709802985, "p95_ms": 143.4119502082467, "p99_ms": 157.67649793997407, "p999_ms": 157.67649793997407, "max_ms": 157.67649793997407, "links_per_second": 7.491341473209107, "bytes_per_second": 4095079847.953092, "cpu_ms": 2392.036, "rss_mib": 2012.54296875}
ra original-idle {"p50_ms": 127.7164223138243, "p95_ms": 136.47163659334183, "p99_ms": 139.48659785091877, "p999_ms": 139.48659785091877, "max_ms": 139.48659785091877, "links_per_second": 7.773086828238116, "bytes_per_second": 4249093615.6821227, "cpu_ms": 2898.6435, "rss_mib": 2010.97265625}
ra rayon-idle {"p50_ms": 126.49508588947356, "p95_ms": 136.67308166623116, "p99_ms": 144.3501217290759, "p999_ms": 144.3501217290759, "max_ms": 144.3501217290759, "links_per_second": 7.787741043987879, "bytes_per_second": 4257104221.502058, "cpu_ms": 2888.1045, "rss_mib": 2011.625}
ra-s original-startup {"p50_ms": 113.81423380225897, "p95_ms": 130.24220196530223, "p99_ms": 154.50175385922194, "p999_ms": 154.50175385922194, "max_ms": 154.50175385922194, "links_per_second": 8.484583016276588, "bytes_per_second": 2167574071.1008534, "cpu_ms": 1892.6080000000002, "rss_mib": 1406.32421875}
ra-s rayon-startup {"p50_ms": 114.09413907676935, "p95_ms": 127.6977937668562, "p99_ms": 138.2496329024434, "p999_ms": 138.2496329024434, "max_ms": 138.2496329024434, "links_per_second": 8.619465689094774, "bytes_per_second": 2202032828.081675, "cpu_ms": 1901.4379999999999, "rss_mib": 1404.1328125}
ra-s base {"p50_ms": 116.92515620961785, "p95_ms": 133.2828919403255, "p99_ms": 148.83484272286296, "p999_ms": 148.83484272286296, "max_ms": 148.83484272286296, "links_per_second": 8.33858007403839, "bytes_per_second": 2130274395.7611413, "cpu_ms": 1865.7430000000002, "rss_mib": 1395.48046875}
ra-s original-idle {"p50_ms": 111.77563853561878, "p95_ms": 120.8160500973463, "p99_ms": 123.9047427661717, "p999_ms": 123.9047427661717, "max_ms": 123.9047427661717, "links_per_second": 8.841467763872846, "bytes_per_second": 2258748159.8895445, "cpu_ms": 2346.354, "rss_mib": 1401.1015625}
ra-s rayon-idle {"p50_ms": 111.6931380238384, "p95_ms": 117.56155593320727, "p99_ms": 122.17880599200726, "p999_ms": 122.17880599200726, "max_ms": 122.17880599200726, "links_per_second": 8.893975181610832, "bytes_per_second": 2272162339.114497, "cpu_ms": 2372.096, "rss_mib": 1403.67578125}
