      unique_comdats=1
     num_unique_cies=2
            num_dsos=4
       output_chunks=53
             comdats=3284
            dso_syms=4912
            num_objs=5672
  removed_comdat_mem=6566
         parsed_objs=6737
            num_cies=8691
    ms3_vec_sections=17576
ms3_vec_reallocations=44786
ms3_vec_moving_reallocations=44786
 ms3_vec_allocations=79938
            num_fdes=297663
    regular_sections=590468
        defined_syms=677315
      undefined_syms=757735
      merged_strings=845620
      input_sections=1007794
    string_fragments=1171402
            all_syms=1406253
         reloc_alloc=1511706
      reloc_nonalloc=4170121
ms3_vec_live_bytes_moved=5791944
ms3_vec_final_live_bytes=14056824
ms3_vec_final_capacity_bytes=32057700
   total_input_bytes=2148820666
.comment estimation=1627 actual=4
.debug_str estimation=926972 actual=837892
.rodata.str1.1 estimation=4152 actual=3514
.rodata.cst16 estimation=2632 actual=1591
.rodata.cst4 estimation=2388 actual=1250
.rodata.cst8 estimation=2183 actual=963
.rodata.str1.2 estimation=1696 actual=136
.rodata.cst32 estimation=1773 actual=269
.rodata.str1.8 estimation=1626 actual=1
